 SimulinkProjet_xpc

 Timestamp is 5acc74c4 (Tue Apr 10 10:24:36 2018)

 Preferred load address is 10000000

 Start         Length     Name                   Class
 0001:00000000 0003929dH .text                   CODE
 0002:00000000 00000104H .CRT$XCA                DATA
 0002:00000104 00000104H .CRT$XCZ                DATA
 0002:00000208 00000104H .CRT$XIA                DATA
 0002:0000030c 00000118H .CRT$XIC                DATA
 0002:00000424 00000104H .CRT$XIZ                DATA
 0002:00000528 00000104H .CRT$XPA                DATA
 0002:0000062c 00000104H .CRT$XPX                DATA
 0002:00000730 00000104H .CRT$XPXA               DATA
 0002:00000834 00000104H .CRT$XPZ                DATA
 0002:00000938 00000104H .CRT$XTA                DATA
 0002:00000a3c 00000104H .CRT$XTZ                DATA
 0002:00000b40 0000a6aaH .rdata                  DATA
 0002:0000b1ec 00000175H .rdata$debug            DATA
 0002:0000b370 0000010eH .rdata$sxdata           DATA
 0002:0000b480 00000104H .rtc$IAA                DATA
 0002:0000b584 00000104H .rtc$IZZ                DATA
 0002:0000b688 00000104H .rtc$TAA                DATA
 0002:0000b78c 00000104H .rtc$TZZ                DATA
 0002:0000b890 000008f8H .xdata$x                DATA
 0002:0000c190 0000021cH .edata                  DATA
 0003:00000000 0000203eH .data                   DATA
 0003:00002040 00014f24H .bss                    DATA
 0004:00000000 00000014H .idata$2                DATA
 0004:00000014 00000014H .idata$3                DATA
 0004:00000028 000001acH .idata$4                DATA
 0004:000001d4 000001acH .idata$5                DATA
 0004:00000380 00000751H .idata$6                DATA

  Address         Publics by Value              Rva+Base       Lib:Object

 0000:00000000       __except_list              00000000     <absolute>
 0000:00000003       ___safe_se_handler_count   00000003     <absolute>
 0000:00000000       ___ImageBase               10000000     <linker-defined>
 0001:00000500       _SimulinkProjet_output     10001500 f   SimulinkProjet.obj
 0001:00000b30       _SimulinkProjet_derivatives 10001b30 f   SimulinkProjet.obj
 0001:00000b80       _SimulinkProjet_initialize 10001b80 f   SimulinkProjet.obj
 0001:00000d00       _SimulinkProjet_terminate  10001d00 f   SimulinkProjet.obj
 0001:00000d30       _rt_ODECreateIntegrationData 10001d30 f   SimulinkProjet.obj
 0001:00000d40       _rt_ODEDestroyIntegrationData 10001d40 f   SimulinkProjet.obj
 0001:00000d50       _rt_ODEUpdateContinuousStates 10001d50 f   SimulinkProjet.obj
 0001:00000d60       _MdlOutputs                10001d60 f   SimulinkProjet.obj
 0001:00000d70       _MdlInitializeSizes        10001d70 f   SimulinkProjet.obj
 0001:00000d80       _MdlInitializeSampleTimes  10001d80 f   SimulinkProjet.obj
 0001:00000d90       _MdlInitialize             10001d90 f   SimulinkProjet.obj
 0001:00000da0       _MdlStart                  10001da0 f   SimulinkProjet.obj
 0001:00000db0       _MdlTerminate              10001db0 f   SimulinkProjet.obj
 0001:00000de0       _SimulinkProjet            10001de0 f   SimulinkProjet.obj
 0001:00001c70       _SimulinkProjet_update     10002c70 f   SimulinkProjet.obj
 0001:00001f20       _MdlUpdate                 10002f20 f   SimulinkProjet.obj
 0001:00001f30       _SimulinkProjet_GetCAPIStaticMap 10002f30 f   SimulinkProjet_capi.obj
 0001:00001f40       _SimulinkProjet_InitializeDataMapInfo 10002f40 f   SimulinkProjet_capi.obj
 0001:00001fc0       _TgtConnBackgroundTask     10002fc0 f   SimulinkProjet_tgtconn.obj
 0001:00001fd0       _TgtConnInit               10002fd0 f   SimulinkProjet_tgtconn.obj
 0001:00001ff0       _TgtConnTerm               10002ff0 f   SimulinkProjet_tgtconn.obj
 0001:00002000       _TgtConnPreStep            10003000 f   SimulinkProjet_tgtconn.obj
 0001:00002010       _TgtConnPostStep           10003010 f   SimulinkProjet_tgtconn.obj
 0001:00002020       _rtGetInfF                 10003020 f   rtGetInf.obj
 0001:00002040       _rtGetMinusInfF            10003040 f   rtGetInf.obj
 0001:00002060       _rtGetInf                  10003060 f   rtGetInf.obj
 0001:00002090       _rtGetMinusInf             10003090 f   rtGetInf.obj
 0001:000020c0       _rtGetNaNF                 100030c0 f   rtGetNaN.obj
 0001:000020e0       _rtGetNaN                  100030e0 f   rtGetNaN.obj
 0001:00002690       _rt_GetMxIdFromDTypeIdForRSim 10003690 f   rt_logging.obj
 0001:00002730       _rt_GetMxIdFromDTypeId     10003730 f   rt_logging.obj
 0001:00004890       _rt_CreateLogVarWithConvert 10005890 f   rt_logging.obj
 0001:000051e0       _rt_CreateLogVar           100061e0 f   rt_logging.obj
 0001:00005280       _rt_UpdateLogVar           10006280 f   rt_logging.obj
 0001:00006220       _rt_UpdateStructLogVar     10007220 f   rt_logging.obj
 0001:000062b0       _rt_UpdateTXXFYLogVars     100072b0 f   rt_logging.obj
 0001:000065f0       _rt_StopDataLoggingImpl    100075f0 f   rt_logging.obj
 0001:000068e0       _rt_StopDataLogging        100078e0 f   rt_logging.obj
 0001:00008650       _rt_CreateStructLogVar     10009650 f   rt_logging.obj
 0001:000086d0       _rt_StartDataLoggingWithStartTime 100096d0 f   rt_logging.obj
 0001:00008fe0       _rt_StartDataLogging       10009fe0 f   rt_logging.obj
 0001:00009030       _rt_UpdateTXYLogVars       1000a030 f   rt_logging.obj
 0001:00009050       _rt_FillStateSigInfoFromMMI 1000a050 f   rt_logging_mmi.obj
 0001:000093f0       _rt_CleanUpForStateLogWithMMI 1000a3f0 f   rt_logging_mmi.obj
 0001:00009500       _rt_mxCreateCharMatrixFromStrings 1000a500 f   rt_matrx.obj
 0001:00009640       _rt_mxCreateString         1000a640 f   rt_matrx.obj
 0001:000096d0       _rt_mxCreateDoubleMatrix   1000a6d0 f   rt_matrx.obj
 0001:00009730       _rt_mxCreateNumericArray   1000a730 f   rt_matrx.obj
 0001:000097b0       _rt_mxDuplicateArray       1000a7b0 f   rt_matrx.obj
 0001:00009850       _rt_mxGetDimensions        1000a850 f   rt_matrx.obj
 0001:000098c0       _rt_mxGetEps               1000a8c0 f   rt_matrx.obj
 0001:000098d0       _rt_mxGetString            1000a8d0 f   rt_matrx.obj
 0001:00009990       _rt_InitInfAndNaN          1000a990 f   rt_nonfinite.obj
 0001:000099f0       _rtIsInf                   1000a9f0 f   rt_nonfinite.obj
 0001:00009a30       _rtIsInfF                  1000aa30 f   rt_nonfinite.obj
 0001:00009a70       _rtIsNaN                   1000aa70 f   rt_nonfinite.obj
 0001:00009aa0       _rtIsNaNF                  1000aaa0 f   rt_nonfinite.obj
 0001:00009ad0       _rtPrintfNoOp              1000aad0 f   rt_printf.obj
 0001:00009ae0       _rtwCAPI_EncodePath        1000aae0 f   rtw_modelmap_utils.obj
 0001:00009bd0       _rtwCAPI_GetSigAddrFromMap 1000abd0 f   rtw_modelmap_utils.obj
 0001:00009cb0       _rtwCAPI_HasStates         1000acb0 f   rtw_modelmap_utils.obj
 0001:00009d20       _rtwCAPI_GetNumStateRecords 1000ad20 f   rtw_modelmap_utils.obj
 0001:00009d80       _rtwCAPI_GetNumStateRecordsForRTWLogging 1000ad80 f   rtw_modelmap_utils.obj
 0001:00009e10       _rtwCAPI_GetNumContStateRecords 1000ae10 f   rtw_modelmap_utils.obj
 0001:00009ed0       _rtwCAPI_FreeFullPaths     1000aed0 f   rtw_modelmap_utils.obj
 0001:00009f50       _rtwCAPI_UpdateFullPaths   1000af50 f   rtw_modelmap_utils.obj
 0001:0000a130       _rtwCAPI_GetFullStateBlockPath 1000b130 f   rtw_modelmap_utils.obj
 0001:0000a2d0       _rtwCAPI_GetStateWidth     1000b2d0 f   rtw_modelmap_utils.obj
 0001:0000a330       _rtwCAPI_GetStateRecordInfo 1000b330 f   rtw_modelmap_utils.obj
 0001:0000a800       _rtwCAPI_GetNumSigLogRecords 1000b800 f   rtw_modelmap_utils.obj
 0001:0000a860       _rtwCAPI_GetNumSigLogRecordsForRTWLogging 1000b860 f   rtw_modelmap_utils.obj
 0001:0000a8f0       _rtwCAPI_GetSigLogRecordInfo 1000b8f0 f   rtw_modelmap_utils.obj
 0001:0000ad40       _rtwCAPI_CountSysRan       1000bd40 f   rtw_modelmap_utils.obj
 0001:0000ade0       _rtwCAPI_FillSysRan        1000bde0 f   rtw_modelmap_utils.obj
 0001:0000aed0       _SimulinkProjet_ChangeStepSize 1000bed0 f   xpctarget.obj
 0001:0000af50       _changeStepSize            1000bf50 f   xpctarget.obj
 0001:0000aff0       _SLRTSetErrorStatus        1000bff0 f   xpctarget.obj
 0001:0000b010       _updateDiscreteEvents      1000c010 f   xpctarget.obj
 0001:0000b020       _DllMain@12                1000c020 f   xpctarget.obj
 0001:0000b030       _getrlmdlinfo              1000c030 f   xpctarget.obj
 0001:0000b220       _getDLMVersion             1000c220 f   xpctarget.obj
 0001:0000b230       _getRefMdlPath             1000c230 f   xpctarget.obj
 0001:0000b2b0       _getRefMdlSignalNumber     1000c2b0 f   xpctarget.obj
 0001:0000b360       _getNumRef                 1000c360 f   appmappingData.obj
 0001:0000ca70       _adnipcie                  1000da70 f   adnipcie.obj
 0001:0000db80       _danipcie                  1000eb80 f   danipcie.obj
 0001:0000dbd0       _nie_DAQ_STC_Windowed_Mode_Write 1000ebd0 f   xpcionie.obj
 0001:0000dbf0       _nie_DAQ_STC_Windowed_Mode_Read 1000ebf0 f   xpcionie.obj
 0001:0000dc10       _nie_Board_Write           1000ec10 f   xpcionie.obj
 0001:0000dc30       _nie_Board_Read            1000ec30 f   xpcionie.obj
 0001:0000dc50       _nie_AI_MSC_Clock_Configure 1000ec50 f   xpcionie.obj
 0001:0000dc70       _nie_AI_Initialize_Configuration_Memory_Output 1000ec70 f   xpcionie.obj
 0001:0000dc90       _nie_AI_Reset_All          1000ec90 f   xpcionie.obj
 0001:0000dd10       _nie_AI_Board_Personalize  1000ed10 f   xpcionie.obj
 0001:0000dd90       _nie_AI_Board_Environmentalize 1000ed90 f   xpcionie.obj
 0001:0000ddf0       _nie_AI_FIFO_Request       1000edf0 f   xpcionie.obj
 0001:0000de00       _nie_AI_Hardware_Gating    1000ee00 f   xpcionie.obj
 0001:0000de10       _nie_AI_Trigger_Signals    1000ee10 f   xpcionie.obj
 0001:0000de70       _nie_AI_Number_of_Scans    1000ee70 f   xpcionie.obj
 0001:0000dee0       _nie_AI_Scan_Start         1000eee0 f   xpcionie.obj
 0001:0000df30       _nie_AI_End_of_Scan        1000ef30 f   xpcionie.obj
 0001:0000df80       _nie_AI_Convert_Signal     1000ef80 f   xpcionie.obj
 0001:0000e020       _nie_AI_Clear_FIFO         1000f020 f   xpcionie.obj
 0001:0000e040       _nie_AI_Interrupt_Enable   1000f040 f   xpcionie.obj
 0001:0000e050       _nie_AI_Arming             1000f050 f   xpcionie.obj
 0001:0000e070       _nie_AI_Start_The_Acquisition 1000f070 f   xpcionie.obj
 0001:0000e0c0       _nie_AO_Reset_All          1000f0c0 f   xpcionie.obj
 0001:0000e150       _nie_AO_Board_Personalize  1000f150 f   xpcionie.obj
 0001:0000e1d0       _nie_AO_LDAC_Source_And_Update_Mode 1000f1d0 f   xpcionie.obj
 0001:0000e220       _nie_readEEPROM            1000f220 f   xpcionie.obj
 0001:0000e3c0       _nie_writeCALDAC           1000f3c0 f   xpcionie.obj
 0001:0000e4e0       _nie_writeCALDAC1          1000f4e0 f   xpcionie.obj
 0001:0000e610       _nie_writeCALDAC2          1000f610 f   xpcionie.obj
 0001:0000e760       _nie_writeCALDACN          1000f760 f   xpcionie.obj
 0001:0000e8f0       _nie_writeCALDAC3          1000f8f0 f   xpcionie.obj
 0001:0000e9e0       _nie_writeLoadReg          1000f9e0 f   xpcionie.obj
 0001:0000ea20       _nie_Counter_Reset_All     1000fa20 f   xpcionie.obj
 0001:0000ead0       _nie_Cont_Pulse_Train_Generation 1000fad0 f   xpcionie.obj
 0001:0000eba0       _nie_Ctr_Arm_All           1000fba0 f   xpcionie.obj
 0001:0000ebd0       _nie_Enable_Counters       1000fbd0 f   xpcionie.obj
 0001:0000eef0       _xpcGetPciConfigAtSlot     1000fef0 f   xpcruntime:xpcimports.obj
 0001:0000f170       _ShowPCIDevice             10010170 f   xpcruntime:xpcimports.obj
 0001:0000f230       _xpcInitProcs              10010230 f   xpcruntime:xpcimports.obj
 0001:0000fd90       _xpceuploadevent           10010d90 f   xpcruntime:xpcimports.obj
 0001:00010090       _GetPCIDeviceFull          10011090 f   xpcruntime:xpcimports.obj
 0001:000100d8       __heap_alloc               100110d8 f i LIBCMT:malloc.obj
 0001:00010117       _malloc                    10011117 f   LIBCMT:malloc.obj
 0001:000101ab       __cfltcvt_init             100111ab f   LIBCMT:_fpinit_.obj
 0001:0001020b       ___setfflag                1001120b f   LIBCMT:_fpinit_.obj
 0001:00010220       __fpmath                   10011220 f   LIBCMT:_fpinit_.obj
 0001:00010239       ___libm_sse2_cos           10011239 f   LIBCMT:_cos_sse2_.obj
 0001:000103e4       ___libm_sse2_sin           100113e4 f   LIBCMT:_sin_sse2_.obj
 0001:000105a0       _memset                    100115a0 f   LIBCMT:memset.obj
 0001:0001061a       @__security_check_cookie@4 1001161a f   LIBCMT:secchk.obj
 0001:00010630       _memcpy                    10011630 f   LIBCMT:memcpy.obj
 0001:00010991       _free                      10011991 f   LIBCMT:free.obj
 0001:000109cb       _ldexp                     100119cb f   LIBCMT:_ldexp_.obj
 0001:00010b7d       _calloc                    10011b7d f   LIBCMT:calloc.obj
 0001:00010bbd       _fprintf                   10011bbd f   LIBCMT:fprintf.obj
 0001:00010cc9       __fprintf_l                10011cc9 f   LIBCMT:fprintf.obj
 0001:00010ce5       __fprintf_s_l              10011ce5 f   LIBCMT:fprintf.obj
 0001:00010d01       _fprintf_s                 10011d01 f   LIBCMT:fprintf.obj
 0001:00010d1c       __fprintf_p_l              10011d1c f   LIBCMT:fprintf.obj
 0001:00010d38       __fprintf_p                10011d38 f   LIBCMT:fprintf.obj
 0001:00010d53       ___iob_func                10011d53 f   LIBCMT:_file.obj
 0001:00010d59       ___initstdio               10011d59 f   LIBCMT:_file.obj
 0001:00010e0a       ___endstdio                10011e0a f   LIBCMT:_file.obj
 0001:00010e2a       __lock_file                10011e2a f   LIBCMT:_file.obj
 0001:00010e6b       __lock_file2               10011e6b f   LIBCMT:_file.obj
 0001:00010e9d       __unlock_file              10011e9d f   LIBCMT:_file.obj
 0001:00010ed9       __unlock_file2             10011ed9 f   LIBCMT:_file.obj
 0001:00010f08       __fwrite_nolock            10011f08 f   LIBCMT:fwrite.obj
 0001:0001105f       _fwrite                    1001205f f   LIBCMT:fwrite.obj
 0001:000110e0       _memmove                   100120e0 f   LIBCMT:memmove.obj
 0001:00011441       _remove                    10012441 f   LIBCMT:unlink.obj
 0001:00011471       __unlink                   10012471 f   LIBCMT:unlink.obj
 0001:0001147c       __fclose_nolock            1001247c f   LIBCMT:fclose.obj
 0001:000114e9       _fclose                    100124e9 f   LIBCMT:fclose.obj
 0001:0001155d       __fread_nolock_s           1001255d f   LIBCMT:fread.obj
 0001:00011719       __fread_nolock             10012719 f   LIBCMT:fread.obj
 0001:00011736       _fread_s                   10012736 f   LIBCMT:fread.obj
 0001:000117c4       _fread                     100127c4 f   LIBCMT:fread.obj
 0001:000117e1       _rewind                    100127e1 f   LIBCMT:rewind.obj
 0001:0001189f       __fsopen                   1001289f f   LIBCMT:fopen.obj
 0001:0001195b       _fopen                     1001295b f   LIBCMT:fopen.obj
 0001:00011972       _fopen_s                   10012972 f   LIBCMT:fopen.obj
 0001:000119b9       _sprintf                   100129b9 f   LIBCMT:sprintf.obj
 0001:00011a3d       __sprintf_l                10012a3d f   LIBCMT:sprintf.obj
 0001:00011a59       _sprintf_s                 10012a59 f   LIBCMT:sprintf.obj
 0001:00011a77       __sprintf_s_l              10012a77 f   LIBCMT:sprintf.obj
 0001:00011a96       __snprintf_s               10012a96 f   LIBCMT:sprintf.obj
 0001:00011ab7       __snprintf_s_l             10012ab7 f   LIBCMT:sprintf.obj
 0001:00011ad9       __sprintf_p                10012ad9 f   LIBCMT:sprintf.obj
 0001:00011af7       __sprintf_p_l              10012af7 f   LIBCMT:sprintf.obj
 0001:00011b16       __scprintf                 10012b16 f   LIBCMT:sprintf.obj
 0001:00011b2b       __scprintf_p               10012b2b f   LIBCMT:sprintf.obj
 0001:00011b40       __scprintf_l               10012b40 f   LIBCMT:sprintf.obj
 0001:00011b59       __scprintf_p_l             10012b59 f   LIBCMT:sprintf.obj
 0001:00011b80       _strncat                   10012b80 f   LIBCMT:strncat.obj
 0001:00011cc0       _strncpy                   10012cc0 f   LIBCMT:strncpy.obj
 0001:00011de4       ___crtCorExitProcess       10012de4 f   LIBCMT:crt0dat.obj
 0001:00011e0f       ___crtExitProcess          10012e0f f   LIBCMT:crt0dat.obj
 0001:00011e27       __lockexit                 10012e27 f   LIBCMT:crt0dat.obj
 0001:00011e30       __unlockexit               10012e30 f   LIBCMT:crt0dat.obj
 0001:00011e39       __init_pointers            10012e39 f   LIBCMT:crt0dat.obj
 0001:00011e89       __initterm_e               10012e89 f   LIBCMT:crt0dat.obj
 0001:00011ead       __get_wpgmptr              10012ead f   LIBCMT:crt0dat.obj
 0001:00011edd       __get_pgmptr               10012edd f   LIBCMT:crt0dat.obj
 0001:00011f0d       __cinit                    10012f0d f   LIBCMT:crt0dat.obj
 0001:000120e4       _exit                      100130e4 f   LIBCMT:crt0dat.obj
 0001:000120fa       __exit                     100130fa f   LIBCMT:crt0dat.obj
 0001:00012110       __cexit                    10013110 f   LIBCMT:crt0dat.obj
 0001:0001211f       __c_exit                   1001311f f   LIBCMT:crt0dat.obj
 0001:0001212e       __amsg_exit                1001312e f   LIBCMT:crt0dat.obj
 0001:0001214c       _realloc                   1001314c f   LIBCMT:realloc.obj
 0001:000121f9       _printf                    100131f9 f   LIBCMT:printf.obj
 0001:000122a0       __printf_l                 100132a0 f   LIBCMT:printf.obj
 0001:000122b9       __printf_s_l               100132b9 f   LIBCMT:printf.obj
 0001:000122d2       _printf_s                  100132d2 f   LIBCMT:printf.obj
 0001:000122ea       __printf_p_l               100132ea f   LIBCMT:printf.obj
 0001:00012303       __printf_p                 10013303 f   LIBCMT:printf.obj
 0001:0001231b       __set_printf_count_output  1001331b f   LIBCMT:printf.obj
 0001:00012345       __get_printf_count_output  10013345 f   LIBCMT:printf.obj
 0001:00012370       _strchr                    10013370 f   LIBCMT:strchr.obj
 0001:00012376       ___from_strstr_to_strchr   10013376     LIBCMT:strchr.obj
 0001:0001242e       __invoke_watson_if_error   1001342e f i LIBCMT:wassert.obj
 0001:0001246d       __wassert                  1001346d f   LIBCMT:wassert.obj
 0001:00012ad2       __CRT_INIT@12              10013ad2 f   LIBCMT:dllcrt0.obj
 0001:00012d2c       __DllMainCRTStartup@12     10013d2c f   LIBCMT:dllcrt0.obj
 0001:00012d4f       __GET_RTERRMSG             10013d4f f   LIBCMT:crt0msg.obj
 0001:00012d75       __NMSG_WRITE               10013d75 f   LIBCMT:crt0msg.obj
 0001:00012f24       __FF_MSGBANNER             10013f24 f   LIBCMT:crt0msg.obj
 0001:00012f5d       __heap_init                10013f5d f   LIBCMT:heapinit.obj
 0001:00012f7b       __heap_term                10013f7b f   LIBCMT:heapinit.obj
 0001:00012f8f       __get_heap_handle          10013f8f f   LIBCMT:heapinit.obj
 0001:00012f95       __get_errno_from_oserr     10013f95 f   LIBCMT:dosmap.obj
 0001:00012fd7       __errno                    10013fd7 f   LIBCMT:dosmap.obj
 0001:00012fea       ___doserrno                10013fea f   LIBCMT:dosmap.obj
 0001:00012ffd       __dosmaperr                10013ffd f   LIBCMT:dosmap.obj
 0001:00013020       __set_errno                10014020 f   LIBCMT:dosmap.obj
 0001:00013041       __get_errno                10014041 f   LIBCMT:dosmap.obj
 0001:00013066       __set_doserrno             10014066 f   LIBCMT:dosmap.obj
 0001:00013087       __get_doserrno             10014087 f   LIBCMT:dosmap.obj
 0001:000130ac       __initp_heap_handler       100140ac f   LIBCMT:handler.obj
 0001:000130bb       ?_set_new_handler@@YAP6AHI@ZP6AHI@Z@Z 100140bb f   LIBCMT:handler.obj
 0001:000130f2       ?_set_new_handler@@YAP6AHI@ZH@Z 100140f2 f   LIBCMT:handler.obj
 0001:000130fb       ?_query_new_handler@@YAP6AHI@ZXZ 100140fb f   LIBCMT:handler.obj
 0001:00013108       __callnewh                 10014108 f   LIBCMT:handler.obj
 0001:00013130       ?strrchr@@YAPADPADH@Z      10014130 f i LIBCMT:cvt.obj
 0001:0001313b       ??0_LocaleUpdate@@QAE@PAUlocaleinfo_struct@@@Z 1001413b f i LIBCMT:cvt.obj
 0001:000131c2       ??1_LocaleUpdate@@QAE@XZ   100141c2 f i LIBCMT:cvt.obj
 0001:000131d0       ?GetLocaleT@_LocaleUpdate@@QAEPAUlocaleinfo_struct@@XZ 100141d0 f i LIBCMT:cvt.obj
 0001:000131d3       __forcdecpt_l              100141d3 f   LIBCMT:cvt.obj
 0001:00013247       __cropzeros_l              10014247 f   LIBCMT:cvt.obj
 0001:000132c9       __positive                 100142c9 f   LIBCMT:cvt.obj
 0001:000132e5       __fassign_l                100142e5 f   LIBCMT:cvt.obj
 0001:00013327       __fassign                  10014327 f   LIBCMT:cvt.obj
 0001:00013360       __forcdecpt                10014360 f   LIBCMT:cvt.obj
 0001:00013373       __cropzeros                10014373 f   LIBCMT:cvt.obj
 0001:000134e7       __cftoe_l                  100144e7 f   LIBCMT:cvt.obj
 0001:000135ae       __cftoe                    100145ae f   LIBCMT:cvt.obj
 0001:000135ce       __cftoa_l                  100145ce f   LIBCMT:cvt.obj
 0001:00013944       __cftoa                    10014944 f   LIBCMT:cvt.obj
 0001:00013a67       __cftof_l                  10014a67 f   LIBCMT:cvt.obj
 0001:00013b28       __cftof                    10014b28 f   LIBCMT:cvt.obj
 0001:00013b45       __cftog_l                  10014b45 f   LIBCMT:cvt.obj
 0001:00013c32       __cftog                    10014c32 f   LIBCMT:cvt.obj
 0001:00013c52       __cfltcvt_l                10014c52 f   LIBCMT:cvt.obj
 0001:00013cda       __cfltcvt                  10014cda f   LIBCMT:cvt.obj
 0001:00013cfd       __initp_misc_cfltcvt_tab   10014cfd f   LIBCMT:cmiscdat.obj
 0001:00013d20       __setdefaultprecision      10014d20 f   LIBCMT:fp8.obj
 0001:00013d50       _cos                       10014d50 f   LIBCMT:_cos_.obj
 0001:00013d90       __CIcos                    10014d90 f   LIBCMT:_cos_.obj
 0001:00013dcb       __CIcos_default            10014dcb f   LIBCMT:_cos_.obj
 0001:00013ddf       __cos_default              10014ddf     LIBCMT:_cos_.obj
 0001:00013e80       _sin                       10014e80 f   LIBCMT:_sin_.obj
 0001:00013ec0       __CIsin                    10014ec0 f   LIBCMT:_sin_.obj
 0001:00013efb       __CIsin_default            10014efb f   LIBCMT:_sin_.obj
 0001:00013f0f       __sin_default              10014f0f     LIBCMT:_sin_.obj
 0001:00013fa9       __VEC_memzero              10014fa9 f   LIBCMT:p4_memset.obj
 0001:00014063       ___sse2_available_init     10015063 f   LIBCMT:cpu_disp.obj
 0001:00014073       ___report_gsfailure        10015073 f   LIBCMT:gs_report.obj
 0001:00014179       __VEC_memcpy               10015179 f   LIBCMT:p4_memcpy.obj
 0001:0001427c       __set_exp                  1001527c f   LIBCMT:_util_.obj
 0001:000142a9       __get_exp                  100152a9 f   LIBCMT:_util_.obj
 0001:000142c2       __add_exp                  100152c2 f   LIBCMT:_util_.obj
 0001:000142f0       __set_bexp                 100152f0 f   LIBCMT:_util_.obj
 0001:00014318       __sptype                   10015318 f   LIBCMT:_util_.obj
 0001:0001437e       __decomp                   1001537e f   LIBCMT:_util_.obj
 0001:00014441       __copysign                 10015441 f   LIBCMT:_ieeemisc_.obj
 0001:00014469       __chgsign                  10015469 f   LIBCMT:_ieeemisc_.obj
 0001:00014496       __scalb                    10015496 f   LIBCMT:_ieeemisc_.obj
 0001:000144b0       __logb                     100154b0 f   LIBCMT:_ieeemisc_.obj
 0001:00014599       __nextafter                10015599 f   LIBCMT:_ieeemisc_.obj
 0001:0001484b       __finite                   1001584b f   LIBCMT:_ieeemisc_.obj
 0001:00014867       __isnan                    10015867 f   LIBCMT:_ieeemisc_.obj
 0001:0001489f       __fpclass                  1001589f f   LIBCMT:_ieeemisc_.obj
 0001:0001493c       __raise_exc_ex             1001593c f   LIBCMT:_fpexcept_.obj
 0001:00014c18       __raise_exc                10015c18 f   LIBCMT:_fpexcept_.obj
 0001:00014c3b       __raise_excf               10015c3b f   LIBCMT:_fpexcept_.obj
 0001:00014c5e       __handle_exc               10015c5e f   LIBCMT:_fpexcept_.obj
 0001:00014e42       __set_errno_from_matherr   10015e42 f   LIBCMT:_fpexcept_.obj
 0001:00014e95       __errcode                  10015e95 f   LIBCMT:_fpexcept_.obj
 0001:00014ec9       __umatherr                 10015ec9 f   LIBCMT:_fpexcept_.obj
 0001:00014f69       __handle_qnan1             10015f69 f   LIBCMT:_fpexcept_.obj
 0001:00014fbe       __handle_qnan2             10015fbe f   LIBCMT:_fpexcept_.obj
 0001:0001501f       __except1                  1001601f f   LIBCMT:_fpexcept_.obj
 0001:000150e9       __except2                  100160e9 f   LIBCMT:_fpexcept_.obj
 0001:000151c3       __statfp                   100161c3 f   LIBCMT:_fpctrl_.obj
 0001:000151d3       __clrfp                    100161d3 f   LIBCMT:_fpctrl_.obj
 0001:000151e4       __ctrlfp                   100161e4 f   LIBCMT:_fpctrl_.obj
 0001:0001520f       __set_statfp               1001620f f   LIBCMT:_fpctrl_.obj
 0001:00015267       ___get_fpsr_sse2           10016267 f   LIBCMT:_fpctrl_.obj
 0001:00015285       ___set_fpsr_sse2           10016285 f   LIBCMT:_fpctrl_.obj
 0001:000152f7       ___fclrf_sse2              100162f7 f   LIBCMT:_fpctrl_.obj
 0001:00015314       ___statfp_sse2             10016314 f   LIBCMT:_fpctrl_.obj
 0001:00015327       ___clrfp_sse2              10016327 f   LIBCMT:_fpctrl_.obj
 0001:0001533f       ___ctrlfp_sse2             1001633f f   LIBCMT:_fpctrl_.obj
 0001:00015376       ___set_statfp_sse2         10016376 f   LIBCMT:_fpctrl_.obj
 0001:00015391       __calloc_impl              10016391 f   LIBCMT:calloc_impl.obj
 0001:00015413       __stbuf                    10016413 f   LIBCMT:_sftbuf.obj
 0001:000154af       __ftbuf                    100164af f   LIBCMT:_sftbuf.obj
 0001:0001559e       _get_int_arg               1001659e f i LIBCMT:output.obj
 0001:000155b0       _get_int64_arg             100165b0 f i LIBCMT:output.obj
 0001:000155c5       _get_short_arg             100165c5 f i LIBCMT:output.obj
 0001:000155d8       __output_l                 100165d8 f   LIBCMT:output.obj
 0001:000161e0       __ioinit                   100171e0 f   LIBCMT:ioinit.obj
 0001:00016425       __ioterm                   10017425 f   LIBCMT:ioinit.obj
 0001:00016478       __fileno                   10017478 f   LIBCMT:fileno.obj
 0001:0001649e       __initp_misc_invarg        1001749e f   LIBCMT:invarg.obj
 0001:000164ad       __call_reportfault         100174ad f   LIBCMT:invarg.obj
 0001:000165d6       __set_invalid_parameter_handler 100175d6 f   LIBCMT:invarg.obj
 0001:000165fd       __get_invalid_parameter_handler 100175fd f   LIBCMT:invarg.obj
 0001:0001660a       __invoke_watson            1001760a f   LIBCMT:invarg.obj
 0001:0001662f       ?_invoke_watson@@YAXPBG00II@Z 1001762f f   LIBCMT:invarg.obj
 0001:00016649       __invalid_parameter        10017649 f   LIBCMT:invarg.obj
 0001:00016676       __invalid_parameter_noinfo 10017676 f   LIBCMT:invarg.obj
 0001:00016686       __invalid_parameter_noinfo_noreturn 10017686 f   LIBCMT:invarg.obj
 0001:000166b4       ?_invalid_parameter@@YAXPBG00II@Z 100176b4 f   LIBCMT:invarg.obj
 0001:000166c0       __SEH_prolog4              100176c0 f   LIBCMT:sehprolg4.obj
 0001:00016705       __SEH_epilog4              10017705 f   LIBCMT:sehprolg4.obj
 0001:00016750       __except_handler4          10017750 f   LIBCMT:chandler4.obj
 0001:000168df       _vfprintf_helper           100178df f   LIBCMT:vfprintf.obj
 0001:000169ea       __vfprintf_l               100179ea f   LIBCMT:vfprintf.obj
 0001:00016a0a       __vfprintf_s_l             10017a0a f   LIBCMT:vfprintf.obj
 0001:00016a2a       __vfprintf_p_l             10017a2a f   LIBCMT:vfprintf.obj
 0001:00016a4a       _vfprintf                  10017a4a f   LIBCMT:vfprintf.obj
 0001:00016a69       _vfprintf_s                10017a69 f   LIBCMT:vfprintf.obj
 0001:00016a88       __vfprintf_p               10017a88 f   LIBCMT:vfprintf.obj
 0001:00016aa7       _wait_a_bit                10017aa7 f i LIBCMT:crtheap.obj
 0001:00016acd       __set_malloc_crt_max_wait  10017acd f   LIBCMT:crtheap.obj
 0001:00016ae2       __malloc_crt               10017ae2 f   LIBCMT:crtheap.obj
 0001:00016b27       __calloc_crt               10017b27 f   LIBCMT:crtheap.obj
 0001:00016b73       __realloc_crt              10017b73 f   LIBCMT:crtheap.obj
 0001:00016bc1       __recalloc_crt             10017bc1 f   LIBCMT:crtheap.obj
 0001:00016c13       __fcloseall                10017c13 f   LIBCMT:closeall.obj
 0001:00016caf       __flush                    10017caf f   LIBCMT:fflush.obj
 0001:00016d17       __fflush_nolock            10017d17 f   LIBCMT:fflush.obj
 0001:00016e39       _fflush                    10017e39 f   LIBCMT:fflush.obj
 0001:00016e8c       __flushall                 10017e8c f   LIBCMT:fflush.obj
 0001:00016e95       __mtinitlocks              10017e95 f   LIBCMT:mlock.obj
 0001:00016edf       __mtdeletelocks            10017edf f   LIBCMT:mlock.obj
 0001:00016f36       __unlock                   10017f36 f   LIBCMT:mlock.obj
 0001:00016f4d       __lockerr_exit             10017f4d f   LIBCMT:mlock.obj
 0001:00016f65       __mtinitlocknum            10017f65 f   LIBCMT:mlock.obj
 0001:00017027       __lock                     10018027 f   LIBCMT:mlock.obj
 0001:0001705a       __flsbuf                   1001805a f   LIBCMT:_flsbuf.obj
 0001:000171be       __write_nolock             100181be f   LIBCMT:write.obj
 0001:000178bb       __write                    100188bb f   LIBCMT:write.obj
 0001:0001798f       __close_nolock             1001898f f   LIBCMT:close.obj
 0001:00017a2b       __close                    10018a2b f   LIBCMT:close.obj
 0001:00017aef       __freebuf                  10018aef f   LIBCMT:_freebuf.obj
 0001:00017b20       __filbuf                   10018b20 f   LIBCMT:_filbuf.obj
 0001:00017c42       __read_nolock              10018c42 f   LIBCMT:read.obj
 0001:000181f9       __read                     100191f9 f   LIBCMT:read.obj
 0001:000182ef       _memcpy_s                  100192ef f   LIBCMT:memcpy_s.obj
 0001:00018364       __lseek_nolock             10019364 f   LIBCMT:lseek.obj
 0001:000183d9       __lseek                    100193d9 f   LIBCMT:lseek.obj
 0001:000184ad       __openfile                 100194ad f   LIBCMT:_open.obj
 0001:00018744       __getstream                10019744 f   LIBCMT:stream.obj
 0001:00018880       __local_unwind4            10019880 f   LIBCMT:exsup4.obj
 0001:00018956       __seh_longjmp_unwind4@4    10019956 f   LIBCMT:exsup4.obj
 0001:00018972       @_EH4_CallFilterFunc@8     10019972 f   LIBCMT:exsup4.obj
 0001:00018989       @_EH4_TransferToHandler@8  10019989 f   LIBCMT:exsup4.obj
 0001:000189a2       @_EH4_GlobalUnwind2@8      100199a2 f   LIBCMT:exsup4.obj
 0001:000189bb       @_EH4_LocalUnwind@16       100199bb f   LIBCMT:exsup4.obj
 0001:000189d2       __vsprintf_l               100199d2 f   LIBCMT:vsprintf.obj
 0001:00018a56       _vsprintf                  10019a56 f   LIBCMT:vsprintf.obj
 0001:00018a70       __vscprintf_helper         10019a70 f   LIBCMT:vsprintf.obj
 0001:00018acc       __vscprintf                10019acc f   LIBCMT:vsprintf.obj
 0001:00018ae8       __vscprintf_l              10019ae8 f   LIBCMT:vsprintf.obj
 0001:00018b05       __vscprintf_p              10019b05 f   LIBCMT:vsprintf.obj
 0001:00018b21       __vscprintf_p_l            10019b21 f   LIBCMT:vsprintf.obj
 0001:00018b3e       __vsnprintf_helper         10019b3e f   LIBCMT:vsnprnc.obj
 0001:00018c08       __vsnprintf_c              10019c08 f   LIBCMT:vsnprnc.obj
 0001:00018c31       __vsnprintf_c_l            10019c31 f   LIBCMT:vsnprnc.obj
 0001:00018c5b       __vsprintf_s_l             10019c5b f   LIBCMT:vsnprnc.obj
 0001:00018cd2       _vsprintf_s                10019cd2 f   LIBCMT:vsnprnc.obj
 0001:00018cef       __vsnprintf_s_l            10019cef f   LIBCMT:vsnprnc.obj
 0001:00018ddb       __vsnprintf_s              10019ddb f   LIBCMT:vsnprnc.obj
 0001:00018dfb       __vsprintf_p               10019dfb f   LIBCMT:vsnprnc.obj
 0001:00018e24       __vsprintf_p_l             10019e24 f   LIBCMT:vsnprnc.obj
 0001:00018e4e       ?terminate@@YAXXZ          10019e4e f   LIBCMT:hooks.obj
 0001:00018e87       ?unexpected@@YAXXZ         10019e87 f   LIBCMT:hooks.obj
 0001:00018e9a       ?_inconsistency@@YAXXZ     10019e9a f   LIBCMT:hooks.obj
 0001:00018ed2       __initp_eh_hooks           10019ed2 f   LIBCMT:hooks.obj
 0001:00018ee3       __initp_misc_winsig        10019ee3 f   LIBCMT:winsig.obj
 0001:00018fd4       ___get_sigabrt             10019fd4 f   LIBCMT:winsig.obj
 0001:00018fe1       ___fpecode                 10019fe1 f   LIBCMT:winsig.obj
 0001:00018fea       ___pxcptinfoptrs           10019fea f   LIBCMT:winsig.obj
 0001:00018ff3       _signal                    10019ff3 f   LIBCMT:winsig.obj
 0001:00019233       _raise                     1001a233 f   LIBCMT:winsig.obj
 0001:000193d6       __initp_misc_rand_s        1001a3d6 f   LIBCMT:rand_s.obj
 0001:000193e5       _rand_s                    1001a3e5 f   LIBCMT:rand_s.obj
 0001:000194d5       ___getlocaleinfo           1001a4d5 f   LIBCMT:inithelp.obj
 0001:00019681       __initp_misc_purevirt      1001a681 f   LIBCMT:inithelp.obj
 0001:00019690       __encoded_null             1001a690 f   LIBCMT:tidtable.obj
 0001:00019699       ___crtTlsAlloc@4           1001a699 f   LIBCMT:tidtable.obj
 0001:000196a2       ___fls_getvalue@4          1001a6a2 f   LIBCMT:tidtable.obj
 0001:000196bc       ___get_flsindex            1001a6bc f   LIBCMT:tidtable.obj
 0001:000196c2       ___set_flsgetvalue         1001a6c2 f   LIBCMT:tidtable.obj
 0001:000196f6       ___fls_setvalue@8          1001a6f6 f   LIBCMT:tidtable.obj
 0001:00019713       __mtterm                   1001a713 f   LIBCMT:tidtable.obj
 0001:00019750       __initptd                  1001a750 f   LIBCMT:tidtable.obj
 0001:00019804       __getptd_noexit            1001a804 f   LIBCMT:tidtable.obj
 0001:0001987d       __getptd                   1001a87d f   LIBCMT:tidtable.obj
 0001:00019897       __freefls@4                1001a897 f   LIBCMT:tidtable.obj
 0001:000199c6       __freeptd                  1001a9c6 f   LIBCMT:tidtable.obj
 0001:00019a34       ___threadid                1001aa34 f   LIBCMT:tidtable.obj
 0001:00019a3a       ___threadhandle            1001aa3a f   LIBCMT:tidtable.obj
 0001:00019a40       __mtinit                   1001aa40 f   LIBCMT:tidtable.obj
 0001:00019c71       ___onexitinit              1001ac71 f   LIBCMT:onexit.obj
 0001:00019ca2       __onexit                   1001aca2 f   LIBCMT:onexit.obj
 0001:00019cde       _atexit                    1001acde f   LIBCMT:onexit.obj
 0001:00019cf5       __RTC_Initialize           1001acf5 f   LIBCMT:_initsect_.obj
 0001:00019d1b       __RTC_Terminate            1001ad1b f   LIBCMT:_initsect_.obj
 0001:00019d50       __ValidateImageBase        1001ad50 f   LIBCMT:pesect.obj
 0001:00019d90       __FindPESection            1001ad90 f   LIBCMT:pesect.obj
 0001:00019de0       __IsNonwritableInCurrentImage 1001ade0 f   LIBCMT:pesect.obj
 0001:00019e9c       _vprintf_helper            1001ae9c f   LIBCMT:vprintf.obj
 0001:00019f21       __vprintf_l                1001af21 f   LIBCMT:vprintf.obj
 0001:00019f3e       __vprintf_s_l              1001af3e f   LIBCMT:vprintf.obj
 0001:00019f5b       __vprintf_p_l              1001af5b f   LIBCMT:vprintf.obj
 0001:00019f78       _vprintf                   1001af78 f   LIBCMT:vprintf.obj
 0001:00019f94       _vprintf_s                 1001af94 f   LIBCMT:vprintf.obj
 0001:00019fb0       __vprintf_p                1001afb0 f   LIBCMT:vprintf.obj
 0001:00019fcc       __vswprintf_helper         1001afcc f   LIBCMT:vswprnc.obj
 0001:0001a0c2       __vswprintf_c              1001b0c2 f   LIBCMT:vswprnc.obj
 0001:0001a0eb       __vswprintf_c_l            1001b0eb f   LIBCMT:vswprnc.obj
 0001:0001a115       __vswprintf_s_l            1001b115 f   LIBCMT:vswprnc.obj
 0001:0001a18e       _vswprintf_s               1001b18e f   LIBCMT:vswprnc.obj
 0001:0001a1ab       __vsnwprintf_s_l           1001b1ab f   LIBCMT:vswprnc.obj
 0001:0001a29b       __vsnwprintf_s             1001b29b f   LIBCMT:vswprnc.obj
 0001:0001a2bb       __vswprintf_p              1001b2bb f   LIBCMT:vswprnc.obj
 0001:0001a2e4       __vswprintf_p_l            1001b2e4 f   LIBCMT:vswprnc.obj
 0001:0001a30e       _fwprintf                  1001b30e f   LIBCMT:fwprintf.obj
 0001:0001a39a       __fwprintf_l               1001b39a f   LIBCMT:fwprintf.obj
 0001:0001a3b6       __fwprintf_s_l             1001b3b6 f   LIBCMT:fwprintf.obj
 0001:0001a3d2       _fwprintf_s                1001b3d2 f   LIBCMT:fwprintf.obj
 0001:0001a3ed       __fwprintf_p_l             1001b3ed f   LIBCMT:fwprintf.obj
 0001:0001a409       __fwprintf_p               1001b409 f   LIBCMT:fwprintf.obj
 0001:0001a424       _setvbuf                   1001b424 f   LIBCMT:setvbuf.obj
 0001:0001a51a       _abort                     1001b51a f   LIBCMT:abort.obj
 0001:0001a54d       __set_abort_behavior       1001b54d f   LIBCMT:abort.obj
 0001:0001a56e       ___crtMessageBoxW          1001b56e f   LIBCMT:crtmboxw.obj
 0001:0001a7b9       __itow_s                   1001b7b9 f   LIBCMT:xtows.obj
 0001:0001a7e3       __ltow_s                   1001b7e3 f   LIBCMT:xtows.obj
 0001:0001a80a       __ultow_s                  1001b80a f   LIBCMT:xtows.obj
 0001:0001a923       __i64tow_s                 1001b923 f   LIBCMT:xtows.obj
 0001:0001a958       __ui64tow_s                1001b958 f   LIBCMT:xtows.obj
 0001:0001a977       _wcsncat_s                 1001b977 f   LIBCMT:wcsncat_s.obj
 0001:0001aa4d       _wcsncpy_s                 1001ba4d f   LIBCMT:wcsncpy_s.obj
 0001:0001ab1a       _wcslen                    1001bb1a f   LIBCMT:wcslen.obj
 0001:0001ab35       _wcscat_s                  1001bb35 f   LIBCMT:wcscat_s.obj
 0001:0001abaa       _wcscpy_s                  1001bbaa f   LIBCMT:wcscpy_s.obj
 0001:0001ac0d       __set_error_mode           1001bc0d f   LIBCMT:errmode.obj
 0001:0001ac4c       ___set_app_type            1001bc4c f   LIBCMT:errmode.obj
 0001:0001ac5b       __setenvp                  1001bc5b f   LIBCMT:stdenvp.obj
 0001:0001ad37       __set_pgmptr               1001bd37 f i LIBCMT:stdargv.obj
 0001:0001aee0       __setargv                  1001bee0 f   LIBCMT:stdargv.obj
 0001:0001af9b       ___crtGetEnvironmentStringsA 1001bf9b f   LIBCMT:a_env.obj
 0001:0001b058       __XcptFilter               1001c058 f   LIBCMT:winxfltr.obj
 0001:0001b1a2       ___CppXcptFilter           1001c1a2 f   LIBCMT:winxfltr.obj
 0001:0001b1c2       ___security_init_cookie    1001c1c2 f   LIBCMT:gs_support.obj
 0001:0001b260       _strlen                    1001c260 f   LIBCMT:strlen.obj
 0001:0001b2f0       _strrchr                   1001c2f0 f   LIBCMT:strrchr.obj
 0001:0001b540       ___updatetmbcinfo          1001c540 f   LIBCMT:mbctype.obj
 0001:0001b660       __setmbcp_nolock           1001c660 f   LIBCMT:mbctype.obj
 0001:0001b849       __getmbcp                  1001c849 f   LIBCMT:mbctype.obj
 0001:0001b887       __setmbcp                  1001c887 f   LIBCMT:mbctype.obj
 0001:0001ba21       ___initmbctable            1001ca21 f   LIBCMT:mbctype.obj
 0001:0001ba3f       ___addlocaleref            1001ca3f f   LIBCMT:localref.obj
 0001:0001bace       ___removelocaleref         1001cace f   LIBCMT:localref.obj
 0001:0001bb67       ___freetlocinfo            1001cb67 f   LIBCMT:localref.obj
 0001:0001bcb2       __updatetlocinfoEx_nolock  1001ccb2 f   LIBCMT:localref.obj
 0001:0001bcff       ___updatetlocinfo          1001ccff f   LIBCMT:localref.obj
 0001:0001bd78       __isalpha_l                1001cd78 f i LIBCMT:_ctype.obj
 0001:0001bdce       _isalpha                   1001cdce f i LIBCMT:_ctype.obj
 0001:0001bdfe       __isupper_l                1001cdfe f i LIBCMT:_ctype.obj
 0001:0001be4f       _isupper                   1001ce4f f i LIBCMT:_ctype.obj
 0001:0001be7d       __islower_l                1001ce7d f i LIBCMT:_ctype.obj
 0001:0001bece       _islower                   1001cece f i LIBCMT:_ctype.obj
 0001:0001befc       __isdigit_l                1001cefc f i LIBCMT:_ctype.obj
 0001:0001bf4d       _isdigit                   1001cf4d f i LIBCMT:_ctype.obj
 0001:0001bf7b       __isxdigit_l               1001cf7b f i LIBCMT:_ctype.obj
 0001:0001bfd1       _isxdigit                  1001cfd1 f i LIBCMT:_ctype.obj
 0001:0001c001       __isspace_l                1001d001 f i LIBCMT:_ctype.obj
 0001:0001c052       _isspace                   1001d052 f i LIBCMT:_ctype.obj
 0001:0001c080       __ispunct_l                1001d080 f i LIBCMT:_ctype.obj
 0001:0001c0d1       _ispunct                   1001d0d1 f i LIBCMT:_ctype.obj
 0001:0001c0ff       __isalnum_l                1001d0ff f i LIBCMT:_ctype.obj
 0001:0001c155       _isalnum                   1001d155 f i LIBCMT:_ctype.obj
 0001:0001c185       __isprint_l                1001d185 f i LIBCMT:_ctype.obj
 0001:0001c1db       _isprint                   1001d1db f i LIBCMT:_ctype.obj
 0001:0001c20b       __isgraph_l                1001d20b f i LIBCMT:_ctype.obj
 0001:0001c261       _isgraph                   1001d261 f i LIBCMT:_ctype.obj
 0001:0001c291       __iscntrl_l                1001d291 f i LIBCMT:_ctype.obj
 0001:0001c2e2       _iscntrl                   1001d2e2 f i LIBCMT:_ctype.obj
 0001:0001c310       ___isascii                 1001d310 f i LIBCMT:_ctype.obj
 0001:0001c322       ___toascii                 1001d322 f i LIBCMT:_ctype.obj
 0001:0001c32f       __iscsymf_l                1001d32f f i LIBCMT:_ctype.obj
 0001:0001c352       ___iscsymf                 1001d352 f i LIBCMT:_ctype.obj
 0001:0001c371       __iscsym_l                 1001d371 f i LIBCMT:_ctype.obj
 0001:0001c394       ___iscsym                  1001d394 f i LIBCMT:_ctype.obj
 0001:0001c3b5       __tolower                  1001d3b5 f   LIBCMT:tolower.obj
 0001:0001c3c2       __tolower_l                1001d3c2 f   LIBCMT:tolower.obj
 0001:0001c4d7       _tolower                   1001d4d7 f   LIBCMT:tolower.obj
 0001:0001c503       __atodbl_l                 1001d503 f   LIBCMT:atodbl.obj
 0001:0001c5ab       __atodbl                   1001d5ab f   LIBCMT:atodbl.obj
 0001:0001c5c2       __atoldbl_l                1001d5c2 f   LIBCMT:atodbl.obj
 0001:0001c66b       __atoldbl                  1001d66b f   LIBCMT:atodbl.obj
 0001:0001c682       __atoflt_l                 1001d682 f   LIBCMT:atodbl.obj
 0001:0001c72a       __atoflt                   1001d72a f   LIBCMT:atodbl.obj
 0001:0001c741       __set_output_format        1001d741 f   LIBCMT:outputformat.obj
 0001:0001c773       __get_output_format        1001d773 f   LIBCMT:outputformat.obj
 0001:0001c779       _strcpy_s                  1001d779 f   LIBCMT:strcpy_s.obj
 0001:0001c7d8       __fptostr                  1001d7d8 f   LIBCMT:_fptostr.obj
 0001:0001c88b       ___dtold                   1001d88b f   LIBCMT:_cfout_.obj
 0001:0001c93e       __fltout2                  1001d93e f   LIBCMT:_cfout_.obj
 0001:0001c9d0       __alldvrm                  1001d9d0 f   LIBCMT:lldvrm.obj
 0001:0001cab0       __aullshr                  1001dab0 f   LIBCMT:ullshr.obj
 0001:0001cacf       __fptrap                   1001dacf f   LIBCMT:crt0fp.obj
 0001:0001cad8       __controlfp_s              1001dad8 f   LIBCMT:_contrlfp_.obj
 0001:0001cb37       __set_SSE2_enable          1001db37 f   LIBCMT:_mathfcns_.obj
 0001:0001cb50       __sse2_mathfcns_init       1001db50 f   LIBCMT:_mathfcns_.obj
 0001:0001cb60       __CIcos_pentium4           1001db60 f   LIBCMT:_cos_pentium4_.obj
 0001:0001cb78       __cos_pentium4             1001db78     LIBCMT:_cos_pentium4_.obj
 0001:0001cd10       __trandisp1                1001dd10 f   LIBCMT:_87disp_.obj
 0001:0001cd77       __trandisp2                1001dd77 f   LIBCMT:_87disp_.obj
 0001:0001ce03       __rttospopde               1001de03     LIBCMT:_87disp_.obj
 0001:0001ce08       __rttospop                 1001de08     LIBCMT:_87disp_.obj
 0001:0001ce0a       __rtnospop                 1001de0a     LIBCMT:_87disp_.obj
 0001:0001ce0c       __rttosnpop                1001de0c     LIBCMT:_87disp_.obj
 0001:0001ce0d       __rtnospopde               1001de0d     LIBCMT:_87disp_.obj
 0001:0001ce14       __rtzeropop                1001de14     LIBCMT:_87disp_.obj
 0001:0001ce16       __rtzeronpop               1001de16     LIBCMT:_87disp_.obj
 0001:0001ce1b       __rtonepop                 1001de1b     LIBCMT:_87disp_.obj
 0001:0001ce1d       __rtonenpop                1001de1d     LIBCMT:_87disp_.obj
 0001:0001ce22       __tosnan1                  1001de22     LIBCMT:_87disp_.obj
 0001:0001ce4d       __nosnan2                  1001de4d     LIBCMT:_87disp_.obj
 0001:0001ce4f       __tosnan2                  1001de4f     LIBCMT:_87disp_.obj
 0001:0001ce77       __nan2                     1001de77     LIBCMT:_87disp_.obj
 0001:0001ceb6       __rtindfpop                1001deb6     LIBCMT:_87disp_.obj
 0001:0001ceb8       __rtindfnpop               1001deb8     LIBCMT:_87disp_.obj
 0001:0001cec9       __rttosnpopde              1001dec9     LIBCMT:_87disp_.obj
 0001:0001ced3       __rtchsifneg               1001ded3     LIBCMT:_87disp_.obj
 0001:0001cee0       __twoToTOS                 1001dee0 f   LIBCMT:_common_.obj
 0001:0001cef5       __load_CW                  1001def5 f   LIBCMT:_common_.obj
 0001:0001cf0c       __convertTOStoQNaN         1001df0c f   LIBCMT:_common_.obj
 0001:0001cf25       __fload_withFB             1001df25 f   LIBCMT:_common_.obj
 0001:0001cf68       __checkTOS_withFB          1001df68 f   LIBCMT:_common_.obj
 0001:0001cf7e       __fast_exit                1001df7e f   LIBCMT:_common_.obj
 0001:0001cf8b       __math_exit                1001df8b f   LIBCMT:_common_.obj
 0001:0001cfb5       __check_overflow_exit      1001dfb5 f   LIBCMT:_common_.obj
 0001:0001cfc9       __check_range_exit         1001dfc9 f   LIBCMT:_common_.obj
 0001:0001d070       __startTwoArgErrorHandling 1001e070 f   LIBCMT:_genexcep_.obj
 0001:0001d087       __startOneArgErrorHandling 1001e087 f   LIBCMT:_genexcep_.obj
 0001:0001d0d0       __CIsin_pentium4           1001e0d0 f   LIBCMT:_sin_pentium4_.obj
 0001:0001d0e8       __sin_pentium4             1001e0e8     LIBCMT:_sin_pentium4_.obj
 0001:0001d298       __crt_debugger_hook        1001e298 f   LIBCMT:dbghook.obj
 0001:0001d2a0       __matherr                  1001e2a0 f   LIBCMT:_matherr_.obj
 0001:0001d2a3       __isatty                   1001e2a3 f   LIBCMT:isatty.obj
 0001:0001d2f9       __wctomb_s_l               1001e2f9 f   LIBCMT:wctomb.obj
 0001:0001d44e       _wctomb_s                  1001e44e f   LIBCMT:wctomb.obj
 0001:0001d46b       __wctomb_l                 1001e46b f   LIBCMT:wctomb.obj
 0001:0001d4bc       _wctomb                    1001e4bc f   LIBCMT:wctomb.obj
 0001:0001d4ee       __isleadbyte_l             1001e4ee f i LIBCMT:_wctype.obj
 0001:0001d526       _isleadbyte                1001e526 f i LIBCMT:_wctype.obj
 0001:0001d539       __iswalpha_l               1001e539 f i LIBCMT:_wctype.obj
 0001:0001d54f       _iswalpha                  1001e54f f i LIBCMT:_wctype.obj
 0001:0001d565       __iswupper_l               1001e565 f i LIBCMT:_wctype.obj
 0001:0001d578       _iswupper                  1001e578 f i LIBCMT:_wctype.obj
 0001:0001d58b       __iswlower_l               1001e58b f i LIBCMT:_wctype.obj
 0001:0001d59e       _iswlower                  1001e59e f i LIBCMT:_wctype.obj
 0001:0001d5b1       __iswdigit_l               1001e5b1 f i LIBCMT:_wctype.obj
 0001:0001d5c4       _iswdigit                  1001e5c4 f i LIBCMT:_wctype.obj
 0001:0001d5d7       __iswxdigit_l              1001e5d7 f i LIBCMT:_wctype.obj
 0001:0001d5ed       _iswxdigit                 1001e5ed f i LIBCMT:_wctype.obj
 0001:0001d603       __iswspace_l               1001e603 f i LIBCMT:_wctype.obj
 0001:0001d616       _iswspace                  1001e616 f i LIBCMT:_wctype.obj
 0001:0001d629       __iswpunct_l               1001e629 f i LIBCMT:_wctype.obj
 0001:0001d63c       _iswpunct                  1001e63c f i LIBCMT:_wctype.obj
 0001:0001d64f       __iswalnum_l               1001e64f f i LIBCMT:_wctype.obj
 0001:0001d665       _iswalnum                  1001e665 f i LIBCMT:_wctype.obj
 0001:0001d67b       __iswprint_l               1001e67b f i LIBCMT:_wctype.obj
 0001:0001d691       _iswprint                  1001e691 f i LIBCMT:_wctype.obj
 0001:0001d6a7       __iswgraph_l               1001e6a7 f i LIBCMT:_wctype.obj
 0001:0001d6bd       _iswgraph                  1001e6bd f i LIBCMT:_wctype.obj
 0001:0001d6d3       __iswcntrl_l               1001e6d3 f i LIBCMT:_wctype.obj
 0001:0001d6e6       _iswcntrl                  1001e6e6 f i LIBCMT:_wctype.obj
 0001:0001d6f9       _iswascii                  1001e6f9 f i LIBCMT:_wctype.obj
 0001:0001d70d       __iswcsym_l                1001e70d f i LIBCMT:_wctype.obj
 0001:0001d733       ___iswcsym                 1001e733 f i LIBCMT:_wctype.obj
 0001:0001d759       __iswcsymf_l               1001e759 f i LIBCMT:_wctype.obj
 0001:0001d77f       ___iswcsymf                1001e77f f i LIBCMT:_wctype.obj
 0001:0001d7b0       __aulldvrm                 1001e7b0 f   LIBCMT:ulldvrm.obj
 0001:0001d900       __output_s_l               1001e900 f   LIBCMT:outputs.obj
 0001:0001e534       __validate_param_reuseA    1001f534 f   LIBCMT:outputp.obj
 0001:0001e71a       _get_crtdouble_arg         1001f71a f i LIBCMT:outputp.obj
 0001:0001e72f       __output_p_l               1001f72f f   LIBCMT:outputp.obj
 0001:0001fa53       __recalloc                 10020a53 f   LIBCMT:recalloc.obj
 0001:0001fac1       __commit                   10020ac1 f   LIBCMT:commit.obj
 0001:0001fb9a       __lseeki64_nolock          10020b9a f   LIBCMT:lseeki64.obj
 0001:0001fc1f       __lseeki64                 10020c1f f   LIBCMT:lseeki64.obj
 0001:0001fd09       __getbuf                   10020d09 f   LIBCMT:_getbuf.obj
 0001:0001fd52       __putwch_nolock            10020d52 f   LIBCMT:putwch.obj
 0001:0001fd94       __putwch                   10020d94 f   LIBCMT:putwch.obj
 0001:0001fdda       __mbtowc_l                 10020dda f   LIBCMT:mbtowc.obj
 0001:0001fef0       _mbtowc                    10020ef0 f   LIBCMT:mbtowc.obj
 0001:0001ff10       __alloca_probe             10020f10     LIBCMT:chkstk.obj
 0001:0001ff10       __chkstk                   10020f10 f   LIBCMT:chkstk.obj
 0001:0001ff3b       __set_osfhnd               10020f3b f   LIBCMT:osfinfo.obj
 0001:0001ffbc       __free_osfhnd              10020fbc f   LIBCMT:osfinfo.obj
 0001:00020042       __get_osfhandle            10021042 f   LIBCMT:osfinfo.obj
 0001:000200ab       ___lock_fhandle            100210ab f   LIBCMT:osfinfo.obj
 0001:0002014a       __unlock_fhandle           1002114a f   LIBCMT:osfinfo.obj
 0001:00020171       __alloc_osfhnd             10021171 f   LIBCMT:osfinfo.obj
 0001:0002030a       __open_osfhandle           1002130a f   LIBCMT:osfinfo.obj
 0001:00020b54       __open                     10021b54 f   LIBCMT:open.obj
 0001:00020c02       __sopen_helper             10021c02 f   LIBCMT:open.obj
 0001:00020cc6       __sopen                    10021cc6 f   LIBCMT:open.obj
 0001:00020cf8       __sopen_s                  10021cf8 f   LIBCMT:open.obj
 0001:00020d18       __mbsnbicmp_l              10021d18 f   LIBCMT:mbsnbicm.obj
 0001:00020f1c       __mbsnbicmp                10021f1c f   LIBCMT:mbsnbicm.obj
 0001:00020f36       __mbsnbcmp_l               10021f36 f   LIBCMT:mbsnbcmp.obj
 0001:00021082       __mbsnbcmp                 10022082 f   LIBCMT:mbsnbcmp.obj
 0001:000210a0       __global_unwind2           100220a0 f   LIBCMT:exsup.obj
 0001:00021105       __local_unwind2            10022105 f   LIBCMT:exsup.obj
 0001:00021189       __abnormal_termination     10022189 f   LIBCMT:exsup.obj
 0001:000211ac       __NLG_Notify1              100221ac f   LIBCMT:exsup.obj
 0001:000211b5       __NLG_Notify               100221b5 f   LIBCMT:exsup.obj
 0001:000211cc       __NLG_Dispatch2            100221cc     LIBCMT:exsup.obj
 0001:000211cc       __NLG_Dispatch             100221cc     LIBCMT:exsup.obj
 0001:000211d4       __NLG_Call                 100221d4 f   LIBCMT:exsup.obj
 0001:000211d6       __NLG_Return2              100221d6     LIBCMT:exsup.obj
 0001:000211d7       _strncpy_s                 100221d7 f   LIBCMT:strncpy_s.obj
 0001:0002128c       __MarkAllocaS              1002228c f i LIBCMT:a_loc.obj
 0001:000212a2       __freea                    100222a2 f i LIBCMT:a_loc.obj
 0001:0002139c       ___crtGetLocaleInfoA       1002239c f   LIBCMT:a_loc.obj
 0001:000213d6       __msize                    100223d6 f   LIBCMT:msize.obj
 0001:000214c6       __woutput_l                100224c6 f   LIBCMT:woutput.obj
 0001:0002214b       __woutput_s_l              1002314b f   LIBCMT:woutputs.obj
 0001:00022d0b       __validate_param_reuseW    10023d0b f   LIBCMT:woutputp.obj
 0001:00022f13       __woutput_p_l              10023f13 f   LIBCMT:woutputp.obj
 0001:000241e7       _vfwprintf_helper          100251e7 f   LIBCMT:vfwprint.obj
 0001:00024271       __vfwprintf_l              10025271 f   LIBCMT:vfwprint.obj
 0001:00024291       __vfwprintf_s_l            10025291 f   LIBCMT:vfwprint.obj
 0001:000242b1       __vfwprintf_p_l            100252b1 f   LIBCMT:vfwprint.obj
 0001:000242d1       _vfwprintf                 100252d1 f   LIBCMT:vfwprint.obj
 0001:000242f0       _vfwprintf_s               100252f0 f   LIBCMT:vfwprint.obj
 0001:0002430f       __vfwprintf_p              1002530f f   LIBCMT:vfwprint.obj
 0001:00024381       __ismbbkalnum_l            10025381 f   LIBCMT:ismbbyte.obj
 0001:0002439a       __ismbbkalnum              1002539a f   LIBCMT:ismbbyte.obj
 0001:000243b2       __ismbbkprint_l            100253b2 f   LIBCMT:ismbbyte.obj
 0001:000243cb       __ismbbkprint              100253cb f   LIBCMT:ismbbyte.obj
 0001:000243e3       __ismbbkpunct_l            100253e3 f   LIBCMT:ismbbyte.obj
 0001:000243fc       __ismbbkpunct              100253fc f   LIBCMT:ismbbyte.obj
 0001:00024414       __ismbbalnum_l             10025414 f   LIBCMT:ismbbyte.obj
 0001:00024430       __ismbbalnum               10025430 f   LIBCMT:ismbbyte.obj
 0001:0002444b       __ismbbalpha_l             1002544b f   LIBCMT:ismbbyte.obj
 0001:00024467       __ismbbalpha               10025467 f   LIBCMT:ismbbyte.obj
 0001:00024482       __ismbbgraph_l             10025482 f   LIBCMT:ismbbyte.obj
 0001:0002449e       __ismbbgraph               1002549e f   LIBCMT:ismbbyte.obj
 0001:000244b9       __ismbbprint_l             100254b9 f   LIBCMT:ismbbyte.obj
 0001:000244d5       __ismbbprint               100254d5 f   LIBCMT:ismbbyte.obj
 0001:000244f0       __ismbbpunct_l             100254f0 f   LIBCMT:ismbbyte.obj
 0001:00024509       __ismbbpunct               10025509 f   LIBCMT:ismbbyte.obj
 0001:00024521       __ismbblead_l              10025521 f   LIBCMT:ismbbyte.obj
 0001:0002453a       __ismbblead                1002553a f   LIBCMT:ismbbyte.obj
 0001:00024552       __ismbbtrail_l             10025552 f   LIBCMT:ismbbyte.obj
 0001:0002456b       __ismbbtrail               1002556b f   LIBCMT:ismbbyte.obj
 0001:00024583       __ismbbkana_l              10025583 f   LIBCMT:ismbbyte.obj
 0001:000245d8       __ismbbkana                100255d8 f   LIBCMT:ismbbyte.obj
 0001:000247f0       ___crtLCMapStringA         100257f0 f   LIBCMT:a_map.obj
 0001:0002491d       ___crtGetStringTypeA       1002591d f   LIBCMT:a_str.obj
 0001:0002515c       ___free_lc_time            1002615c f   LIBCMT:inittime.obj
 0001:000254d3       ___init_time               100264d3 f   LIBCMT:inittime.obj
 0001:00025580       ___free_lconv_num          10026580 f   LIBCMT:initnum.obj
 0001:000255e9       ___init_numeric            100265e9 f   LIBCMT:initnum.obj
 0001:00025809       ___free_lconv_mon          10026809 f   LIBCMT:initmon.obj
 0001:00025907       ___init_monetary           10026907 f   LIBCMT:initmon.obj
 0001:00025c67       _localeconv                10026c67 f   LIBCMT:lconv.obj
 0001:00025c8d       ___pwctype_func            10026c8d f   LIBCMT:ctype.obj
 0001:00025c93       ___pctype_func             10026c93 f   LIBCMT:ctype.obj
 0001:00025cbc       __isctype_l                10026cbc f   LIBCMT:isctype.obj
 0001:00025d74       __isctype                  10026d74 f   LIBCMT:isctype.obj
 0001:00025da6       ____setlc_active_func      10026da6 f   LIBCMT:setlocal.obj
 0001:00025dac       ____unguarded_readlc_active_add_func 10026dac f   LIBCMT:setlocal.obj
 0001:00025dd8       __configthreadlocale       10026dd8 f   LIBCMT:setlocal.obj
 0001:00025e5f       __free_locale              10026e5f f   LIBCMT:setlocal.obj
 0001:00025f21       ___free_locale             10026f21 f   LIBCMT:setlocal.obj
 0001:00025f2c       __get_current_locale       10026f2c f   LIBCMT:setlocal.obj
 0001:00025fdb       ___get_current_locale      10026fdb f   LIBCMT:setlocal.obj
 0001:00025fe0       ___init_dummy              10026fe0 f   LIBCMT:setlocal.obj
 0001:00025fe3       __strcats                  10026fe3 f   LIBCMT:setlocal.obj
 0001:00026024       ___lc_strtolc              10027024 f   LIBCMT:setlocal.obj
 0001:00026143       ___lc_lctostr              10027143 f   LIBCMT:setlocal.obj
 0001:00026313       __expandlocale             10027313 f   LIBCMT:setlocal.obj
 0001:00026a8a       __create_locale            10027a8a f   LIBCMT:setlocal.obj
 0001:00026b7f       ___create_locale           10027b7f f   LIBCMT:setlocal.obj
 0001:00026b8a       _setlocale                 10027b8a f   LIBCMT:setlocal.obj
 0001:00026cfe       ___addl                    10027cfe f i LIBCMT:_intrncvt_.obj
 0001:00026d22       __ZeroTail                 10027d22 f i LIBCMT:_intrncvt_.obj
 0001:00026d6b       __IncMan                   10027d6b f i LIBCMT:_intrncvt_.obj
 0001:00026dd8       __RoundMan                 10027dd8 f i LIBCMT:_intrncvt_.obj
 0001:00026ec4       __CopyMan                  10027ec4 f i LIBCMT:_intrncvt_.obj
 0001:00026ee3       __FillZeroMan              10027ee3 f i LIBCMT:_intrncvt_.obj
 0001:00026ef4       __IsZeroMan                10027ef4 f i LIBCMT:_intrncvt_.obj
 0001:00026f13       __ShrMan                   10027f13 f i LIBCMT:_intrncvt_.obj
 0001:00026fab       __ld12cvt                  10027fab f i LIBCMT:_intrncvt_.obj
 0001:000274fa       __ld12tod                  100284fa f   LIBCMT:_intrncvt_.obj
 0001:00027a4b       __ld12tof                  10028a4b f   LIBCMT:_intrncvt_.obj
 0001:00027f9c       __ld12told                 10028f9c f   LIBCMT:_intrncvt_.obj
 0001:00028079       ___shl_12                  10029079 f i LIBCMT:_strgtold_.obj
 0001:000280ac       ___shr_12                  100290ac f i LIBCMT:_strgtold_.obj
 0001:000280de       ___ld12mul                 100290de f i LIBCMT:_strgtold_.obj
 0001:00028359       ___multtenpow12            10029359 f i LIBCMT:_strgtold_.obj
 0001:00028658       ___strgtold12_l            10029658 f   LIBCMT:_strgtold_.obj
 0001:00028d34       ___STRINGTOLD_L            10029d34 f   LIBCMT:_strgtold_.obj
 0001:00028d8f       ___add_12                  10029d8f f i LIBCMT:_x10fout_.obj
 0001:00028e00       _$I10_OUTPUT               10029e00 f   LIBCMT:_x10fout_.obj
 0001:000296f8       __set_controlfp            1002a6f8 f   LIBCMT:_ieee87_.obj
 0001:00029a6a       __statusfp                 1002aa6a f   LIBCMT:_ieee87_.obj
 0001:00029afc       __fpreset                  1002aafc f   LIBCMT:_ieee87_.obj
 0001:00029d35       __statusfp2                1002ad35 f   LIBCMT:_ieee87_.obj
 0001:00029d8f       __clearfp                  1002ad8f f   LIBCMT:_ieee87_.obj
 0001:00029e68       ___control87_2             1002ae68 f   LIBCMT:_ieee87_.obj
 0001:0002a17f       __control87                1002b17f f i LIBCMT:_ieee87_.obj
 0001:0002a491       __controlfp                1002b491 f   LIBCMT:_ieee87_.obj
 0001:0002a7a6       __87except                 1002b7a6 f   LIBCMT:_87except_.obj
 0001:0002a8e5       ___init_ctype              1002b8e5 f   LIBCMT:initctyp.obj
 0001:0002ac8c       ____mb_cur_max_func        1002bc8c f   LIBCMT:initctyp.obj
 0001:0002acb5       ____mb_cur_max_l_func      1002bcb5 f   LIBCMT:initctyp.obj
 0001:0002acd1       ____lc_codepage_func       1002bcd1 f   LIBCMT:initctyp.obj
 0001:0002acf7       ____lc_collate_cp_func     1002bcf7 f   LIBCMT:initctyp.obj
 0001:0002ad1d       ____lc_handle_func         1002bd1d f   LIBCMT:initctyp.obj
 0001:0002ad43       _iswctype                  1002bd43 f   LIBCMT:iswctype.obj
 0001:0002ad98       _is_wctype                 1002bd98 f   LIBCMT:iswctype.obj
 0001:0002ada3       __iswctype_l               1002bda3 f   LIBCMT:iswctype.obj
 0001:0002afe2       _strtol                    1002bfe2 f   LIBCMT:strtol.obj
 0001:0002b00d       __strtol_l                 1002c00d f   LIBCMT:strtol.obj
 0001:0002b02a       _strtoul                   1002c02a f   LIBCMT:strtol.obj
 0001:0002b056       __strtoul_l                1002c056 f   LIBCMT:strtol.obj
 0001:0002b073       ___initconout              1002c073 f   LIBCMT:initcon.obj
 0001:0002b092       ___termconout              1002c092 f   LIBCMT:initcon.obj
 0001:0002b0a9       __chsize_nolock            1002c0a9 f   LIBCMT:chsize.obj
 0001:0002b25f       __chsize_s                 1002c25f f   LIBCMT:chsize.obj
 0001:0002b346       __chsize                   1002c346 f   LIBCMT:chsize.obj
 0001:0002b362       __setmode_nolock           1002c362 f   LIBCMT:setmode.obj
 0001:0002b41d       __set_fmode                1002c41d f   LIBCMT:setmode.obj
 0001:0002b45f       __get_fmode                1002c45f f   LIBCMT:setmode.obj
 0001:0002b48c       __setmode                  1002c48c f   LIBCMT:setmode.obj
 0001:0002b577       __strnicmp_l               1002c577 f   LIBCMT:strnicmp.obj
 0001:0002b659       __strnicmp                 1002c659 f   LIBCMT:strnicmp.obj
 0001:0002b6ac       _strncmp                   1002c6ac f   LIBCMT:strncmp.obj
 0001:0002b770       __alloca_probe_16          1002c770 f   LIBCMT:alloca16.obj
 0001:0002b786       __alloca_probe_8           1002c786     LIBCMT:alloca16.obj
 0001:0002b79c       __fputwc_nolock            1002c79c f   LIBCMT:fputwc.obj
 0001:0002b923       _fputwc                    1002c923 f   LIBCMT:fputwc.obj
 0001:0002b993       _putwc                     1002c993 f   LIBCMT:fputwc.obj
 0001:0002bb60       _wcstol                    1002cb60 f   LIBCMT:wcstol.obj
 0001:0002bb7a       __wcstol_l                 1002cb7a f   LIBCMT:wcstol.obj
 0001:0002bb94       _wcstoul                   1002cb94 f   LIBCMT:wcstol.obj
 0001:0002bbae       __wcstoul_l                1002cbae f   LIBCMT:wcstol.obj
 0001:0002bbc8       ___init_collate            1002cbc8 f   LIBCMT:initcoll.obj
 0001:0002bbcb       _strcat_s                  1002cbcb f   LIBCMT:strcat_s.obj
 0001:0002bc40       _strcspn                   1002cc40 f   LIBCMT:strcspn.obj
 0001:0002bc90       _strcmp                    1002cc90 f   LIBCMT:strcmp.obj
 0001:0002c2e5       ___get_qualified_locale    1002d2e5 f   LIBCMT:getqloc.obj
 0001:0002d9f0       _memcmp                    1002e9f0 f   LIBCMT:memcmp.obj
 0001:0002ef50       _strpbrk                   1002ff50 f   LIBCMT:strpbrk.obj
 0001:0002ef90       ___mtold12                 1002ff90 f   LIBCMT:_mantold_.obj
 0001:0002f180       ___ascii_strnicmp          10030180 f   LIBCMT:_strnicm.obj
 0001:0002f1e1       __flswbuf                  100301e1 f   LIBCMT:_flswbuf.obj
 0001:0002f355       __wchartodigit             10030355 f   LIBCMT:wchtodig.obj
 0001:0002f4f5       ___ascii_stricmp           100304f5 f   LIBCMT:stricmp.obj
 0001:0002f52e       __stricmp_l                1003052e f   LIBCMT:stricmp.obj
 0001:0002f5ee       __stricmp                  100305ee f   LIBCMT:stricmp.obj
 0001:0002f635       _atol                      10030635 f   LIBCMT:atox.obj
 0001:0002f64b       __atol_l                   1003064b f   LIBCMT:atox.obj
 0001:0002f664       _atoi                      10030664 f   LIBCMT:atox.obj
 0001:0002f66f       __atoi_l                   1003066f f   LIBCMT:atox.obj
 0001:0002f67a       __atoi64                   1003067a f   LIBCMT:atox.obj
 0001:0002f690       __atoi64_l                 10030690 f   LIBCMT:atox.obj
 0001:0002f763       __itoa_s                   10030763 f   LIBCMT:xtoas.obj
 0001:0002f78d       __ltoa_s                   1003078d f   LIBCMT:xtoas.obj
 0001:0002f7b4       __ultoa_s                  100307b4 f   LIBCMT:xtoas.obj
 0001:0002f8ba       __i64toa_s                 100308ba f   LIBCMT:xtoas.obj
 0001:0002f8ef       __ui64toa_s                100308ef f   LIBCMT:xtoas.obj
 0001:0002fbab       __strtoi64                 10030bab f   LIBCMT:strtoq.obj
 0001:0002fbd6       __strtoi64_l               10030bd6 f   LIBCMT:strtoq.obj
 0001:0002fbf3       __strtoui64                10030bf3 f   LIBCMT:strtoq.obj
 0001:0002fc1f       __strtoui64_l              10030c1f f   LIBCMT:strtoq.obj
 0001:0002fc40       __allmul                   10030c40 f   LIBCMT:llmul.obj
 0001:0002fc74       _GetProcAddress@8          10030c74 f   kernel32:KERNEL32.dll
 0001:0002fc7a       _GetModuleHandleA@4        10030c7a f   kernel32:KERNEL32.dll
 0001:0002fc80       _HeapAlloc@12              10030c80 f   kernel32:KERNEL32.dll
 0001:0002fc86       _GetLastError@0            10030c86 f   kernel32:KERNEL32.dll
 0001:0002fc8c       _HeapFree@12               10030c8c f   kernel32:KERNEL32.dll
 0001:0002fc92       _EnterCriticalSection@4    10030c92 f   kernel32:KERNEL32.dll
 0001:0002fc98       _LeaveCriticalSection@4    10030c98 f   kernel32:KERNEL32.dll
 0001:0002fc9e       _DeleteFileA@4             10030c9e f   kernel32:KERNEL32.dll
 0001:0002fca4       _GetModuleHandleW@4        10030ca4 f   kernel32:KERNEL32.dll
 0001:0002fcaa       _ExitProcess@4             10030caa f   kernel32:KERNEL32.dll
 0001:0002fcb0       _DecodePointer@4           10030cb0 f   kernel32:KERNEL32.dll
 0001:0002fcb6       _HeapReAlloc@16            10030cb6 f   kernel32:KERNEL32.dll
 0001:0002fcbc       _WriteConsoleW@20          10030cbc f   kernel32:KERNEL32.dll
 0001:0002fcc2       _GetFileType@4             10030cc2 f   kernel32:KERNEL32.dll
 0001:0002fcc8       _GetStdHandle@4            10030cc8 f   kernel32:KERNEL32.dll
 0001:0002fcce       _GetModuleFileNameW@12     10030cce f   kernel32:KERNEL32.dll
 0001:0002fcd4       _GetCurrentThreadId@0      10030cd4 f   kernel32:KERNEL32.dll
 0001:0002fcda       _GetCommandLineA@0         10030cda f   kernel32:KERNEL32.dll
 0001:0002fce0       _WriteFile@20              10030ce0 f   kernel32:KERNEL32.dll
 0001:0002fce6       _HeapCreate@12             10030ce6 f   kernel32:KERNEL32.dll
 0001:0002fcec       _HeapDestroy@4             10030cec f   kernel32:KERNEL32.dll
 0001:0002fcf2       _EncodePointer@4           10030cf2 f   kernel32:KERNEL32.dll
 0001:0002fcf8       _IsProcessorFeaturePresent@4 10030cf8 f   kernel32:KERNEL32.dll
 0001:0002fcfe       _TerminateProcess@8        10030cfe f   kernel32:KERNEL32.dll
 0001:0002fd04       _GetCurrentProcess@0       10030d04 f   kernel32:KERNEL32.dll
 0001:0002fd0a       _UnhandledExceptionFilter@4 10030d0a f   kernel32:KERNEL32.dll
 0001:0002fd10       _SetUnhandledExceptionFilter@4 10030d10 f   kernel32:KERNEL32.dll
 0001:0002fd16       _IsDebuggerPresent@0       10030d16 f   kernel32:KERNEL32.dll
 0001:0002fd1c       _RaiseException@16         10030d1c f   kernel32:KERNEL32.dll
 0001:0002fd22       _SetHandleCount@4          10030d22 f   kernel32:KERNEL32.dll
 0001:0002fd28       _InitializeCriticalSectionAndSpinCount@8 10030d28 f   kernel32:KERNEL32.dll
 0001:0002fd2e       _GetStartupInfoW@4         10030d2e f   kernel32:KERNEL32.dll
 0001:0002fd34       _DeleteCriticalSection@4   10030d34 f   kernel32:KERNEL32.dll
 0001:0002fd3a       _Sleep@4                   10030d3a f   kernel32:KERNEL32.dll
 0001:0002fd40       _FatalAppExitA@8           10030d40 f   kernel32:KERNEL32.dll
 0001:0002fd46       _WideCharToMultiByte@32    10030d46 f   kernel32:KERNEL32.dll
 0001:0002fd4c       _GetConsoleCP@0            10030d4c f   kernel32:KERNEL32.dll
 0001:0002fd52       _GetConsoleMode@8          10030d52 f   kernel32:KERNEL32.dll
 0001:0002fd58       _CloseHandle@4             10030d58 f   kernel32:KERNEL32.dll
 0001:0002fd5e       _MultiByteToWideChar@24    10030d5e f   kernel32:KERNEL32.dll
 0001:0002fd64       _ReadFile@20               10030d64 f   kernel32:KERNEL32.dll
 0001:0002fd6a       _SetFilePointer@16         10030d6a f   kernel32:KERNEL32.dll
 0001:0002fd70       _RtlUnwind@16              10030d70 f   kernel32:KERNEL32.dll
 0001:0002fd76       _SetConsoleCtrlHandler@8   10030d76 f   kernel32:KERNEL32.dll
 0001:0002fd7c       _FreeLibrary@4             10030d7c f   kernel32:KERNEL32.dll
 0001:0002fd82       _InterlockedExchange@8     10030d82 f   kernel32:KERNEL32.dll
 0001:0002fd88       _LoadLibraryW@4            10030d88 f   kernel32:KERNEL32.dll
 0001:0002fd8e       _GetLocaleInfoW@16         10030d8e f   kernel32:KERNEL32.dll
 0001:0002fd94       _TlsAlloc@0                10030d94 f   kernel32:KERNEL32.dll
 0001:0002fd9a       _TlsGetValue@4             10030d9a f   kernel32:KERNEL32.dll
 0001:0002fda0       _TlsSetValue@8             10030da0 f   kernel32:KERNEL32.dll
 0001:0002fda6       _TlsFree@4                 10030da6 f   kernel32:KERNEL32.dll
 0001:0002fdac       _InterlockedIncrement@4    10030dac f   kernel32:KERNEL32.dll
 0001:0002fdb2       _SetLastError@4            10030db2 f   kernel32:KERNEL32.dll
 0001:0002fdb8       _InterlockedDecrement@4    10030db8 f   kernel32:KERNEL32.dll
 0001:0002fdbe       _GetCurrentThread@0        10030dbe f   kernel32:KERNEL32.dll
 0001:0002fdc4       _GetModuleFileNameA@12     10030dc4 f   kernel32:KERNEL32.dll
 0001:0002fdca       _FreeEnvironmentStringsW@4 10030dca f   kernel32:KERNEL32.dll
 0001:0002fdd0       _GetEnvironmentStringsW@0  10030dd0 f   kernel32:KERNEL32.dll
 0001:0002fdd6       _QueryPerformanceCounter@4 10030dd6 f   kernel32:KERNEL32.dll
 0001:0002fddc       _GetTickCount@0            10030ddc f   kernel32:KERNEL32.dll
 0001:0002fde2       _GetCurrentProcessId@0     10030de2 f   kernel32:KERNEL32.dll
 0001:0002fde8       _GetSystemTimeAsFileTime@4 10030de8 f   kernel32:KERNEL32.dll
 0001:0002fdee       _GetCPInfo@8               10030dee f   kernel32:KERNEL32.dll
 0001:0002fdf4       _GetACP@0                  10030df4 f   kernel32:KERNEL32.dll
 0001:0002fdfa       _GetOEMCP@0                10030dfa f   kernel32:KERNEL32.dll
 0001:0002fe00       _IsValidCodePage@4         10030e00 f   kernel32:KERNEL32.dll
 0001:0002fe06       _FlushFileBuffers@4        10030e06 f   kernel32:KERNEL32.dll
 0001:0002fe0c       _SetStdHandle@8            10030e0c f   kernel32:KERNEL32.dll
 0001:0002fe12       _CreateFileA@28            10030e12 f   kernel32:KERNEL32.dll
 0001:0002fe18       _HeapSize@12               10030e18 f   kernel32:KERNEL32.dll
 0001:0002fe1e       _LCMapStringW@24           10030e1e f   kernel32:KERNEL32.dll
 0001:0002fe24       _GetStringTypeW@16         10030e24 f   kernel32:KERNEL32.dll
 0001:0002fe2a       _CreateFileW@28            10030e2a f   kernel32:KERNEL32.dll
 0001:0002fe30       _SetEndOfFile@4            10030e30 f   kernel32:KERNEL32.dll
 0001:0002fe36       _GetProcessHeap@0          10030e36 f   kernel32:KERNEL32.dll
 0001:0002fe3c       _GetUserDefaultLCID@0      10030e3c f   kernel32:KERNEL32.dll
 0001:0002fe42       _GetLocaleInfoA@16         10030e42 f   kernel32:KERNEL32.dll
 0001:0002fe48       _EnumSystemLocalesA@8      10030e48 f   kernel32:KERNEL32.dll
 0001:0002fe4e       _IsValidLocale@8           10030e4e f   kernel32:KERNEL32.dll
 0002:00000000       ___xc_a                    1003b000     LIBCMT:crt0init.obj
 0002:00000104       ___xc_z                    1003b104     LIBCMT:crt0init.obj
 0002:00000208       ___xi_a                    1003b208     LIBCMT:crt0init.obj
 0002:00000424       ___xi_z                    1003b424     LIBCMT:crt0init.obj
 0002:00000528       ___xp_a                    1003b528     LIBCMT:crt0init.obj
 0002:00000834       ___xp_z                    1003b834     LIBCMT:crt0init.obj
 0002:00000938       ___xt_a                    1003b938     LIBCMT:crt0init.obj
 0002:00000a3c       ___xt_z                    1003ba3c     LIBCMT:crt0init.obj
 0002:00000b5c       ??_C@_0BE@JLMIIBMO@SimulinkProjet?1Out3?$AA@ 1003bb5c     SimulinkProjet.obj
 0002:00000b74       ??_C@_0BE@ICNDLAIP@SimulinkProjet?1Out2?$AA@ 1003bb74     SimulinkProjet.obj
 0002:00000b8c       ??_C@_0BE@KJPOODEM@SimulinkProjet?1Out1?$AA@ 1003bb8c     SimulinkProjet.obj
 0002:00000ba4       ??_C@_00CNPNBAHC@?$AA@     1003bba4     SimulinkProjet.obj
 0002:00000ba8       _SimulinkProjet_M          1003bba8     SimulinkProjet.obj
 0002:00000c28       __real@0000000000000000    1003bc28     SimulinkProjet.obj
 0002:00000c38       __real@41f0000000000000    1003bc38     SimulinkProjet.obj
 0002:00000c44       ??_C@_0BM@HOPLFBGK@SimulinkProjet?1PCI?96024E?5DA?$AA@ 1003bc44     SimulinkProjet.obj
 0002:00000c68       ??_C@_0N@HPHLHMLM@PCI?96024E?5DA?$AA@ 1003bc68     SimulinkProjet.obj
 0002:00000c78       ??_C@_0BM@FEHGHME@SimulinkProjet?1PCI?96024E?5AD?$AA@ 1003bc78     SimulinkProjet.obj
 0002:00000c9c       ??_C@_0N@EMHEKBC@PCI?96024E?5AD?$AA@ 1003bc9c     SimulinkProjet.obj
 0002:00000cac       ??_C@_04LHDDHLEA@yout?$AA@ 1003bcac     SimulinkProjet.obj
 0002:00000cb4       ??_C@_03HBFGMJOD@rt_?$AA@  1003bcb4     SimulinkProjet.obj
 0002:00000cb8       ??_C@_04EPKDLPPB@tout?$AA@ 1003bcb8     SimulinkProjet.obj
 0002:00000cc0       ??_C@_04CMIMOENB@ode3?$AA@ 1003bcc0     SimulinkProjet.obj
 0002:00000cc8       __real@bff0000000000000    1003bcc8     SimulinkProjet.obj
 0002:00000cd8       __real@3f847ae147ae147b    1003bcd8     SimulinkProjet.obj
 0002:00000ce8       __real@3f50624dd2f1a9fc    1003bce8     SimulinkProjet.obj
 0002:00000cf4       ??_C@_05KNFBNCOH@float?$AA@ 1003bcf4     SimulinkProjet_capi.obj
 0002:00000cfc       ??_C@_09JBMFCIMO@boolean_T?$AA@ 1003bcfc     SimulinkProjet_capi.obj
 0002:00000d08       ??_C@_0O@PPAIJIHF@unsigned?5char?$AA@ 1003bd08     SimulinkProjet_capi.obj
 0002:00000d18       ??_C@_06CNMIJIPB@real_T?$AA@ 1003bd18     SimulinkProjet_capi.obj
 0002:00000d20       ??_C@_06BNJCAIGJ@double?$AA@ 1003bd20     SimulinkProjet_capi.obj
 0002:00000d28       ??_C@_02LNFHGPBG@X0?$AA@   1003bd28     SimulinkProjet_capi.obj
 0002:00000d2c       ??_C@_0O@LILIEJBO@InitialOutput?$AA@ 1003bd2c     SimulinkProjet_capi.obj
 0002:00000d3c       ??_C@_09OMHFODKD@SBPA?1Out1?$AA@ 1003bd3c     SimulinkProjet_capi.obj
 0002:00000d48       ??_C@_0BB@CFEOEMDC@InitialCondition?$AA@ 1003bd48     SimulinkProjet_capi.obj
 0002:00000d5c       ??_C@_0P@NAFHECBJ@Clock?1Constant?$AA@ 1003bd5c     SimulinkProjet_capi.obj
 0002:00000d70       ??_C@_06GJFGCNCB@CosPhi?$AA@ 1003bd70     SimulinkProjet_capi.obj
 0002:00000d78       ??_C@_06EAKBABMB@SinPhi?$AA@ 1003bd78     SimulinkProjet_capi.obj
 0002:00000d80       ??_C@_04CLNMNOCK@CosH?$AA@ 1003bd80     SimulinkProjet_capi.obj
 0002:00000d88       ??_C@_04HKKJCGFH@SinH?$AA@ 1003bd88     SimulinkProjet_capi.obj
 0002:00000d90       ??_C@_09OGDICNME@Frequency?$AA@ 1003bd90     SimulinkProjet_capi.obj
 0002:00000d9c       ??_C@_04BAMHDAGA@Bias?$AA@ 1003bd9c     SimulinkProjet_capi.obj
 0002:00000da4       ??_C@_09IHLJOMI@Amplitude?$AA@ 1003bda4     SimulinkProjet_capi.obj
 0002:00000db0       ??_C@_02PMAFKIGJ@P7?$AA@   1003bdb0     SimulinkProjet_capi.obj
 0002:00000db4       ??_C@_02OFBOJJCI@P6?$AA@   1003bdb4     SimulinkProjet_capi.obj
 0002:00000db8       ??_C@_02MODDMKOL@P5?$AA@   1003bdb8     SimulinkProjet_capi.obj
 0002:00000dbc       ??_C@_02NHCIPLKK@P4?$AA@   1003bdbc     SimulinkProjet_capi.obj
 0002:00000dc0       ??_C@_02JIGJGNGN@P3?$AA@   1003bdc0     SimulinkProjet_capi.obj
 0002:00000dc4       ??_C@_02IBHCFMCM@P2?$AA@   1003bdc4     SimulinkProjet_capi.obj
 0002:00000dc8       ??_C@_02KKFPAPOP@P1?$AA@   1003bdc8     SimulinkProjet_capi.obj
 0002:00000dcc       ??_C@_0L@DGFJOHKP@LowerLimit?$AA@ 1003bdcc     SimulinkProjet_capi.obj
 0002:00000ddc       ??_C@_0L@FBCGKKEN@UpperLimit?$AA@ 1003bddc     SimulinkProjet_capi.obj
 0002:00000dec       ??_C@_09IIHOELEE@Constant1?$AA@ 1003bdec     SimulinkProjet_capi.obj
 0002:00000df8       ??_C@_05LPIJGKJ@Value?$AA@ 1003bdf8     SimulinkProjet_capi.obj
 0002:00000e00       ??_C@_08CHMPKCOC@Constant?$AA@ 1003be00     SimulinkProjet_capi.obj
 0002:00000e0c       ??_C@_06GEMKPBPA@Offset?$AA@ 1003be0c     SimulinkProjet_capi.obj
 0002:00000e14       ??_C@_01FHEEJDEE@A?$AA@    1003be14     SimulinkProjet_capi.obj
 0002:00000e18       ??_C@_04PCKNHNLL@SBPA?$AA@ 1003be18     SimulinkProjet_capi.obj
 0002:00000e20       ??_C@_0BA@GMMNJCNF@PID?5Controller2?$AA@ 1003be20     SimulinkProjet_capi.obj
 0002:00000e34       ??_C@_01NANMIPIL@N?$AA@    1003be34     SimulinkProjet_capi.obj
 0002:00000e38       ??_C@_01CKDDGHAB@D?$AA@    1003be38     SimulinkProjet_capi.obj
 0002:00000e3c       ??_C@_01JPJNBJEM@I?$AA@    1003be3c     SimulinkProjet_capi.obj
 0002:00000e40       ??_C@_01EJNLAFE@P?$AA@     1003be40     SimulinkProjet_capi.obj
 0002:00000e44       ??_C@_0P@DNAGJNE@PID?5Controller?$AA@ 1003be44     SimulinkProjet_capi.obj
 0002:00000e58       ??_C@_08MGAAMEME@SBPA?1Sum?$AA@ 1003be58     SimulinkProjet_capi.obj
 0002:00000e64       ??_C@_0N@IFIKPIDA@SBPA?1Memory8?$AA@ 1003be64     SimulinkProjet_capi.obj
 0002:00000e74       ??_C@_0N@CBCOEPP@SBPA?1Memory7?$AA@ 1003be74     SimulinkProjet_capi.obj
 0002:00000e84       ??_C@_0N@BLAJNFLO@SBPA?1Memory6?$AA@ 1003be84     SimulinkProjet_capi.obj
 0002:00000e94       ??_C@_0N@DACEIGHN@SBPA?1Memory5?$AA@ 1003be94     SimulinkProjet_capi.obj
 0002:00000ea4       ??_C@_0N@CJDPLHDM@SBPA?1Memory4?$AA@ 1003bea4     SimulinkProjet_capi.obj
 0002:00000eb4       ??_C@_0N@GGHOCBPL@SBPA?1Memory3?$AA@ 1003beb4     SimulinkProjet_capi.obj
 0002:00000ec4       ??_C@_0N@HPGFBALK@SBPA?1Memory2?$AA@ 1003bec4     SimulinkProjet_capi.obj
 0002:00000ed4       ??_C@_0N@FEEIEDHJ@SBPA?1Memory1?$AA@ 1003bed4     SimulinkProjet_capi.obj
 0002:00000ee4       ??_C@_0M@MHMKFAMM@SBPA?1Memory?$AA@ 1003bee4     SimulinkProjet_capi.obj
 0002:00000ef4       ??_C@_0BG@EEFBJNIP@SBPA?1Logical?5Operator?$AA@ 1003bef4     SimulinkProjet_capi.obj
 0002:00000f10       ??_C@_0L@DFMONFOD@SBPA?1Gain1?$AA@ 1003bf10     SimulinkProjet_capi.obj
 0002:00000f20       ??_C@_0BK@KMLKDOGD@SBPA?1Data?5Type?5Conversion?$AA@ 1003bf20     SimulinkProjet_capi.obj
 0002:00000f40       ??_C@_0BF@HNBHIJK@PID?5Controller2?1SumD?$AA@ 1003bf40     SimulinkProjet_capi.obj
 0002:00000f5c       ??_C@_0BE@MNANAGIN@PID?5Controller2?1Sum?$AA@ 1003bf5c     SimulinkProjet_capi.obj
 0002:00000f74       ??_C@_0BL@FOCGAGBO@PID?5Controller2?1Integrator?$AA@ 1003bf74     SimulinkProjet_capi.obj
 0002:00000f94       ??_C@_0BH@KNMCOGI@PID?5Controller2?1Filter?$AA@ 1003bf94     SimulinkProjet_capi.obj
 0002:00000fb0       ??_C@_0CC@BBKFLKMN@PID?5Controller2?1Proportional?5Gai@ 1003bfb0     SimulinkProjet_capi.obj
 0002:00000fd8       ??_C@_0BO@GOPDNHFJ@PID?5Controller2?1Integral?5Gain?$AA@ 1003bfd8     SimulinkProjet_capi.obj
 0002:00000ffc       ??_C@_0CD@BCKFLFEE@PID?5Controller2?1Filter?5Coefficie@ 1003bffc     SimulinkProjet_capi.obj
 0002:00001028       ??_C@_0CA@HIDEOJEB@PID?5Controller2?1Derivative?5Gain?$AA@ 1003c028     SimulinkProjet_capi.obj
 0002:00001050       ??_C@_0BE@JNENIHMH@PID?5Controller?1SumD?$AA@ 1003c050     SimulinkProjet_capi.obj
[...]
 0003:00002d54       ___pInvalidArgHandler      1004ad54     LIBCMT:invarg.obj
 0003:00002d58       __maxwait                  1004ad58     LIBCMT:crtheap.obj
 0003:00002eb0       ?__pInconsistency@@3P6AXXZA 1004aeb0     LIBCMT:hooks.obj
 0003:00002ecc       ___pPurecall               1004aecc     LIBCMT:inithelp.obj
 0003:00002ed0       _gpFlsAlloc                1004aed0     LIBCMT:tidtable.obj
 0003:00002ed4       _gpFlsGetValue             1004aed4     LIBCMT:tidtable.obj
 0003:00002ed8       _gpFlsSetValue             1004aed8     LIBCMT:tidtable.obj
 0003:00002edc       _gpFlsFree                 1004aedc     LIBCMT:tidtable.obj
 0003:00003004       ___mbulinfo                1004b004     LIBCMT:mbctype.obj
 0003:00003010       ___mbcodepage              1004b010     LIBCMT:mbctype.obj
 0003:00003014       ___ismbcodepage            1004b014     LIBCMT:mbctype.obj
 0003:00003018       ___mblcid                  1004b018     LIBCMT:mbctype.obj
 0003:0000301c       __outputformat             1004b01c     LIBCMT:outputformat.obj
 0003:00003020       __commode                  1004b020     LIBCMT:ncommode.obj
 0003:00003024       ___lconv_static_null       1004b024     LIBCMT:lconv.obj
 0003:00003028       ___lconv_static_W_null     1004b028     LIBCMT:lconv.obj
 0003:0000302c       ___locale_changed          1004b02c     LIBCMT:setlocal.obj
 0003:00003030       __fmode                    1004b030     LIBCMT:txtmode.obj
 0003:00003034       _CANAC2_2_sendmaxindex_mb2 1004b034     <common>
 0003:00005e00       _CANAC2_2_receiveindex_mb2 1004de00     <common>
 0003:00006120       _CANAC2_1_sendmaxindex_mb3 1004e120     <common>
 0003:00006140       _CANAC2_2_receiveindex     1004e140     <common>
 0003:00006460       _CANAC2_2_sendmaxindex     1004e460     <common>
 0003:00006480       _CANAC2_2_sendindex        1004e480     <common>
 0003:000067a0       _CANAC2_2_receive_mb3      1004e7a0     <common>
 0003:00006ac0       _CANAC2_2_receive_mb1      1004eac0     <common>
 0003:00006de0       _CANAC2_1_sendindex_mb3    1004ede0     <common>
 0003:00007100       _CANAC2_1_receive_mb1      1004f100     <common>
 0003:00007420       _CANAC2_2_receiveindex_mb1 1004f420     <common>
 0003:00007740       _CANAC2_2_sendindex_mb3    1004f740     <common>
 0003:00007a60       _siepowercan_can_object_buffer_port2 1004fa60     <common>
 0003:0000ba80       _siepowercan_can_object_buffer_port1 10053a80     <common>
 0003:0000fa80       _CANAC2_2_sendmaxindex_mb3 10057a80     <common>
 0003:0000faa0       _CANAC2_2_sendindex_mb1    10057aa0     <common>
 0003:0000fdc0       _CANAC2_1_receivemaxindex_mb3 10057dc0     <common>
 0003:0000fdc4       _CANAC2_1_receivemaxindex_mb2 10057dc4     <common>
 0003:0000fde0       _CANAC2_1_receiveindex_mb1 10057de0     <common>
 0003:00010100       _CANAC2_1_sendmaxindex     10058100     <common>
 0003:00010120       _CANAC2_1_send_mb3         10058120     <common>
 0003:00010440       _CANAC2_2_send_mb2         10058440     <common>
 0003:00010760       _CANAC2_2_sendmaxindex_mb1 10058760     <common>
 0003:00010780       _CANAC2_1_receiveindex_mb3 10058780     <common>
 0003:00010aa0       _CANAC2_1_sendmaxindex_mb1 10058aa0     <common>
 0003:00010ac0       _CANAC2_1_receiveindex     10058ac0     <common>
 0003:00010de0       _CANAC2_2_receive_mb2      10058de0     <common>
 0003:00011100       _CANAC2_1_sendindex_mb2    10059100     <common>
 0003:00011420       _CANAC2_2_receivemaxindex_mb3 10059420     <common>
 0003:00011440       _CANAC2_1_send_mb2         10059440     <common>
 0003:00011760       _CANAC2_1_sendindex_mb1    10059760     <common>
 0003:00011a80       _CANAC2_1_send_mb1         10059a80     <common>
 0003:00011da0       _CANAC2_1_send             10059da0     <common>
 0003:000120c0       _CANAC2_2_send_mb1         1005a0c0     <common>
 0003:000123e0       _CANAC2_2_send             1005a3e0     <common>
 0003:00012700       _CANAC2_2_receivemaxindex_mb1 1005a700     <common>
 0003:00012704       _CANAC2_1_receivemaxindex_mb1 1005a704     <common>
 0003:00012708       _CANAC2_2_receivemaxindex_mb2 1005a708     <common>
 0003:00012720       _CANAC2_2_receiveindex_mb3 1005a720     <common>
 0003:00012a40       _CANAC2_1_receive          1005aa40     <common>
 0003:00012d60       _CANAC2_1_sendmaxindex_mb2 1005ad60     <common>
 0003:00012d80       _CANAC2_2_send_mb3         1005ad80     <common>
 0003:000130a0       _CANAC2_1_receiveindex_mb2 1005b0a0     <common>
 0003:000133c0       _CANAC2_1_receive_mb2      1005b3c0     <common>
 0003:000136e0       _CANAC2_1_receive_mb3      1005b6e0     <common>
 0003:00013a00       _CANAC2_2_receive          1005ba00     <common>
 0003:00013d20       _CANAC2_1_sendindex        1005bd20     <common>
 0003:00014040       _CANAC2_2_receivemaxindex  1005c040     <common>
 0003:00014060       _CANAC2_2_sendindex_mb2    1005c060     <common>
 0003:00014380       _CANAC2_1_receivemaxindex  1005c380     <common>
 0003:00014388       _rtInf                     1005c388     <common>
 0003:000143a0       _rtMinusInfF               1005c3a0     <common>
 0003:000143a4       _rtInfF                    1005c3a4     <common>
 0003:000143a8       _rtMinusInf                1005c3a8     <common>
 0003:000143b0       _rtNaN                     1005c3b0     <common>
 0003:000143b8       _rtNaNF                    1005c3b8     <common>
 0003:000143c0       _SimulinkProjet_B          1005c3c0     <common>
 0003:00014840       _SimulinkProjet_M_         1005c840     <common>
 0003:00015520       _SimulinkProjet_X          1005d520     <common>
 0003:00015540       _SimulinkProjet_Y          1005d540     <common>
 0003:00015560       _SimulinkProjet_DW         1005d560     <common>
 0003:000158c8       _xpcInpB                   1005d8c8     <common>
 0003:00015918       _rl32eReceiveChar          1005d918     <common>
 0003:0001591c       _xpceUDPClose              1005d91c     <common>
 0003:00015920       _rl32eScopeExists          1005d920     <common>
 0003:00015924       _CreateVideoDisplay        1005d924     <common>
 0003:00015928       _xpceCreateSemaphore       1005d928     <common>
 0003:0001592c       _xpceSetParameter          1005d92c     <common>
 0003:00015930       _TBTakeSpinFast            1005d930     <common>
 0003:00015934       _xpcGetElapsedTime         1005d934     <common>
 0003:00015938       _xpceUDPSend               1005d938     <common>
 0003:0001593c       _rl32eSetTargetScope       1005d93c     <common>
 0003:00015940       _rl32eAddSignal            1005d940     <common>
 0003:00015944       _xpceAssignPCIInterrupt    1005d944     <common>
 0003:00015948       _xpceSignalSemaphore       1005d948     <common>
 0003:0001594c       _StartVideo                1005d94c     <common>
 0003:00015950       _startToAsyncQueueTgtAppSvc 1005d950     <common>
 0003:00015954       _rl32eSetTargetScopeSigFt  1005d954     <common>
 0003:00015958       _slrteGetCurrentStepSize   1005d958     <common>
 0003:0001595c       _rl32eSetScope             1005d95c     <common>
 0003:00015960       _xpceUDPOpenReceive        1005d960     <common>
 0003:00015964       _xpcReserveMemoryRegion    1005d964     <common>
 0003:00015968       _getCommService            1005d968     <common>
 0003:0001596c       _rl32eGetPCIInfoAtSlot     1005d96c     <common>
 0003:00015970       _GetVideoConfigs           1005d970     <common>
 0003:00015974       _rl32eReceiveBufferCount   1005d974     <common>
 0003:00015978       _rl32eSendBlock            1005d978     <common>
 0003:0001597c       _xpceGetIntTimerGranularityNS 1005d97c     <common>
 0003:00015980       _StartVideoDisplay         1005d980     <common>
 0003:00015984       _ReadFrameBuffer           1005d984     <common>
 0003:00015988       _xpceDeRegisterISR         1005d988     <common>
 0003:0001598c       _xpceFSScopeSet            1005d98c     <common>
 0003:00015990       _rl32eCloseCOMPort         1005d990     <common>
 0003:00015994       _TBDeleteSpin              1005d994     <common>
 0003:00015998       _rl32eRestartAcquisition   1005d998     <common>
 0003:0001599c       _rl32eDefScope             1005d99c     <common>
 0003:000159a0       _rl32eShowPCIInfo          1005d9a0     <common>
 0003:000159a4       _xpcOutpB                  1005d9a4     <common>
 0003:000159a8       _xpceWaitSemaphore         1005d9a8     <common>
 0003:000159ac       _rl32eSendChar             1005d9ac     <common>
 0003:000159b0       _sendToAsyncQueueTgtAppSvc 1005d9b0     <common>
 0003:000159b4       _xpceDeleteSemaphore       1005d9b4     <common>
 0003:000159b8       _getStatusFlags            1005d9b8     <common>
 0003:000159bc       _rl32eGetSignalNo          1005d9bc     <common>
 0003:000159c0       _xpceGetTET                1005d9c0     <common>
 0003:000159c4       _xpceGetParameter          1005d9c4     <common>
 0003:000159c8       _StopVideo                 1005d9c8     <common>
 0003:000159cc       _slTestTerminate           1005d9cc     <common>
 0003:000159d0       _getMemoryService          1005d9d0     <common>
 0003:000159d4       _terminateToAsyncQueueTgtAppSvc 1005d9d4     <common>
 0003:000159d8       _xpcBusyWait               1005d9d8     <common>
 0003:000159dc       _FindUsbVideoDevice        1005d9dc     <common>
 0003:000159e0       _xpceaddEvent              1005d9e0     <common>
 0003:000159e4       _rl32eLineStatus           1005d9e4     <common>
 0003:000159e8       _ConvertUImage             1005d9e8     <common>
 0003:000159ec       _registerPTPTimeRead       1005d9ec     <common>
 0003:000159f0       _xpceGetParamDims          1005d9f0     <common>
 0003:000159f4       _xpcIsModelInit            1005d9f4     <common>
 0003:000159f8       _slTestEvalOnFail          1005d9f8     <common>
 0003:000159fc       _xpceFTReadTime            1005d9fc     <common>
 0003:00015a00       _rl32eGetPCIInfo           1005da00     <common>
 0003:00015a04       _DestroyVideoDisplay       1005da04     <common>
 0003:00015a08       _xpceUDPReceive            1005da08     <common>
 0003:00015a0c       _slrteSetStepSizeDelta     1005da0c     <common>
 0003:00015a10       _xpceFTSubtract            1005da10     <common>
 0003:00015a14       _slTestLogAssessments      1005da14     <common>
 0003:00015a18       _TBCreateSpin              1005da18     <common>
 0003:00015a1c       _unRegisterPTPTimeRead     1005da1c     <common>
 0003:00015a20       _rl32eShowPCIDev           1005da20     <common>
 0003:00015a24       _xpceFTAdd                 1005da24     <common>
 0003:00015a28       _slTestInitialize          1005da28     <common>
 0003:00015a2c       _xpcFreePhysicalMemory     1005da2c     <common>
 0003:00015a30       _xpcAllocPhysicalMemory    1005da30     <common>
 0003:00015a34       _StreamVideo               1005da34     <common>
 0003:00015a38       _xpceScopeAcqOK            1005da38     <common>
 0003:00015a3c       _xpcInpDW                  1005da3c     <common>
 0003:00015a40       _xpcOutpDW                 1005da40     <common>
 0003:00015a44       _slTestRegAssessment       1005da44     <common>
 0003:00015a48       _rl32eInitCOMPort          1005da48     <common>
 0003:00015a4c       _StopVideoDisplay          1005da4c     <common>
 0003:00015a50       _xpcOutpW                  1005da50     <common>
 0003:00015a54       _xpceGetSignalValue        1005da54     <common>
 0003:00015a58       _xpceUDPOpenSend           1005da58     <common>
 0003:00015a5c       _xpcInpW                   1005da5c     <common>
 0003:00015a60       _TBGiveSpinFast            1005da60     <common>
 0003:00015a64       _xpceRegisterISR           1005da64     <common>
 0003:00015a68       ___setlc_active            1005da68     <common>
 0003:00015a78       ___unguarded_readlc_active 1005da78     <common>
 0003:00015a7c       __debugger_hook_dummy      1005da7c     <common>
 0003:00015a88       ___use_sse2_mathfcns       1005da88     <common>
 0003:00015a94       __pDestructExceptionObject 1005da94     <common>
 0003:00015aa0       __nhandle                  1005daa0     <common>
 0003:00015ae0       ___pioinfo                 1005dae0     <common>
 0003:00015be0       ___sse2_available          1005dbe0     <common>
 0003:00015bec       __acmdln                   1005dbec     <common>
 0003:00015bf8       ___env_initialized         1005dbf8     <common>
 0003:00015c08       ___onexitend               1005dc08     <common>
 0003:00015c0c       ___onexitbegin             1005dc0c     <common>
 0003:00015c10       ___mbctype_initialized     1005dc10     <common>
 0003:00015c14       ___dyn_tls_init_callback   1005dc14     <common>
 0003:00015c18       ___piob                    1005dc18     <common>
 0003:00015f60       __bufin                    1005df60     <common>
 0003:00016f60       __nstream                  1005ef60     <common>
 0004:00000000       __IMPORT_DESCRIPTOR_KERNEL32 1005f000     kernel32:KERNEL32.dll
 0004:00000014       __NULL_IMPORT_DESCRIPTOR   1005f014     kernel32:KERNEL32.dll
 0004:000001d4       __imp__GetProcAddress@8    1005f1d4     kernel32:KERNEL32.dll
 0004:000001d8       __imp__GetModuleHandleA@4  1005f1d8     kernel32:KERNEL32.dll
 0004:000001dc       __imp__HeapAlloc@12        1005f1dc     kernel32:KERNEL32.dll
 0004:000001e0       __imp__GetLastError@0      1005f1e0     kernel32:KERNEL32.dll
 0004:000001e4       __imp__HeapFree@12         1005f1e4     kernel32:KERNEL32.dll
 0004:000001e8       __imp__EnterCriticalSection@4 1005f1e8     kernel32:KERNEL32.dll
 0004:000001ec       __imp__LeaveCriticalSection@4 1005f1ec     kernel32:KERNEL32.dll
 0004:000001f0       __imp__DeleteFileA@4       1005f1f0     kernel32:KERNEL32.dll
 0004:000001f4       __imp__GetModuleHandleW@4  1005f1f4     kernel32:KERNEL32.dll
 0004:000001f8       __imp__ExitProcess@4       1005f1f8     kernel32:KERNEL32.dll
 0004:000001fc       __imp__DecodePointer@4     1005f1fc     kernel32:KERNEL32.dll
 0004:00000200       __imp__HeapReAlloc@16      1005f200     kernel32:KERNEL32.dll
 0004:00000204       __imp__WriteConsoleW@20    1005f204     kernel32:KERNEL32.dll
 0004:00000208       __imp__GetFileType@4       1005f208     kernel32:KERNEL32.dll
 0004:0000020c       __imp__GetStdHandle@4      1005f20c     kernel32:KERNEL32.dll
 0004:00000210       __imp__GetModuleFileNameW@12 1005f210     kernel32:KERNEL32.dll
 0004:00000214       __imp__GetCurrentThreadId@0 1005f214     kernel32:KERNEL32.dll
 0004:00000218       __imp__GetCommandLineA@0   1005f218     kernel32:KERNEL32.dll
 0004:0000021c       __imp__WriteFile@20        1005f21c     kernel32:KERNEL32.dll
 0004:00000220       __imp__HeapCreate@12       1005f220     kernel32:KERNEL32.dll
 0004:00000224       __imp__HeapDestroy@4       1005f224     kernel32:KERNEL32.dll
 0004:00000228       __imp__EncodePointer@4     1005f228     kernel32:KERNEL32.dll
 0004:0000022c       __imp__IsProcessorFeaturePresent@4 1005f22c     kernel32:KERNEL32.dll
 0004:00000230       __imp__TerminateProcess@8  1005f230     kernel32:KERNEL32.dll
 0004:00000234       __imp__GetCurrentProcess@0 1005f234     kernel32:KERNEL32.dll
 0004:00000238       __imp__UnhandledExceptionFilter@4 1005f238     kernel32:KERNEL32.dll
 0004:0000023c       __imp__SetUnhandledExceptionFilter@4 1005f23c     kernel32:KERNEL32.dll
 0004:00000240       __imp__IsDebuggerPresent@0 1005f240     kernel32:KERNEL32.dll
 0004:00000244       __imp__RaiseException@16   1005f244     kernel32:KERNEL32.dll
 0004:00000248       __imp__SetHandleCount@4    1005f248     kernel32:KERNEL32.dll
 0004:0000024c       __imp__InitializeCriticalSectionAndSpinCount@8 1005f24c     kernel32:KERNEL32.dll
 0004:00000250       __imp__GetStartupInfoW@4   1005f250     kernel32:KERNEL32.dll
 0004:00000254       __imp__DeleteCriticalSection@4 1005f254     kernel32:KERNEL32.dll
 0004:00000258       __imp__Sleep@4             1005f258     kernel32:KERNEL32.dll
 0004:0000025c       __imp__FatalAppExitA@8     1005f25c     kernel32:KERNEL32.dll
 0004:00000260       __imp__WideCharToMultiByte@32 1005f260     kernel32:KERNEL32.dll
 0004:00000264       __imp__GetConsoleCP@0      1005f264     kernel32:KERNEL32.dll
 0004:00000268       __imp__GetConsoleMode@8    1005f268     kernel32:KERNEL32.dll
 0004:0000026c       __imp__CloseHandle@4       1005f26c     kernel32:KERNEL32.dll
 0004:00000270       __imp__MultiByteToWideChar@24 1005f270     kernel32:KERNEL32.dll
 0004:00000274       __imp__ReadFile@20         1005f274     kernel32:KERNEL32.dll
 0004:00000278       __imp__SetFilePointer@16   1005f278     kernel32:KERNEL32.dll
 0004:0000027c       __imp__RtlUnwind@16        1005f27c     kernel32:KERNEL32.dll
 0004:00000280       __imp__SetConsoleCtrlHandler@8 1005f280     kernel32:KERNEL32.dll
 0004:00000284       __imp__FreeLibrary@4       1005f284     kernel32:KERNEL32.dll
 0004:00000288       __imp__InterlockedExchange@8 1005f288     kernel32:KERNEL32.dll
 0004:0000028c       __imp__LoadLibraryW@4      1005f28c     kernel32:KERNEL32.dll
 0004:00000290       __imp__GetLocaleInfoW@16   1005f290     kernel32:KERNEL32.dll
 0004:00000294       __imp__TlsAlloc@0          1005f294     kernel32:KERNEL32.dll
 0004:00000298       __imp__TlsGetValue@4       1005f298     kernel32:KERNEL32.dll
 0004:0000029c       __imp__TlsSetValue@8       1005f29c     kernel32:KERNEL32.dll
 0004:000002a0       __imp__TlsFree@4           1005f2a0     kernel32:KERNEL32.dll
 0004:000002a4       __imp__InterlockedIncrement@4 1005f2a4     kernel32:KERNEL32.dll
 0004:000002a8       __imp__SetLastError@4      1005f2a8     kernel32:KERNEL32.dll
 0004:000002ac       __imp__InterlockedDecrement@4 1005f2ac     kernel32:KERNEL32.dll
 0004:000002b0       __imp__GetCurrentThread@0  1005f2b0     kernel32:KERNEL32.dll
 0004:000002b4       __imp__GetModuleFileNameA@12 1005f2b4     kernel32:KERNEL32.dll
 0004:000002b8       __imp__FreeEnvironmentStringsW@4 1005f2b8     kernel32:KERNEL32.dll
 0004:000002bc       __imp__GetEnvironmentStringsW@0 1005f2bc     kernel32:KERNEL32.dll
 0004:000002c0       __imp__QueryPerformanceCounter@4 1005f2c0     kernel32:KERNEL32.dll
 0004:000002c4       __imp__GetTickCount@0      1005f2c4     kernel32:KERNEL32.dll
 0004:000002c8       __imp__GetCurrentProcessId@0 1005f2c8     kernel32:KERNEL32.dll
 0004:000002cc       __imp__GetSystemTimeAsFileTime@4 1005f2cc     kernel32:KERNEL32.dll
 0004:000002d0       __imp__GetCPInfo@8         1005f2d0     kernel32:KERNEL32.dll
 0004:000002d4       __imp__GetACP@0            1005f2d4     kernel32:KERNEL32.dll
 0004:000002d8       __imp__GetOEMCP@0          1005f2d8     kernel32:KERNEL32.dll
 0004:000002dc       __imp__IsValidCodePage@4   1005f2dc     kernel32:KERNEL32.dll
 0004:000002e0       __imp__FlushFileBuffers@4  1005f2e0     kernel32:KERNEL32.dll
 0004:000002e4       __imp__SetStdHandle@8      1005f2e4     kernel32:KERNEL32.dll
 0004:000002e8       __imp__CreateFileA@28      1005f2e8     kernel32:KERNEL32.dll
 0004:000002ec       __imp__HeapSize@12         1005f2ec     kernel32:KERNEL32.dll
 0004:000002f0       __imp__LCMapStringW@24     1005f2f0     kernel32:KERNEL32.dll
 0004:000002f4       __imp__GetStringTypeW@16   1005f2f4     kernel32:KERNEL32.dll
 0004:000002f8       __imp__CreateFileW@28      1005f2f8     kernel32:KERNEL32.dll
 0004:000002fc       __imp__SetEndOfFile@4      1005f2fc     kernel32:KERNEL32.dll
 0004:00000300       __imp__GetProcessHeap@0    1005f300     kernel32:KERNEL32.dll
 0004:00000304       __imp__GetUserDefaultLCID@0 1005f304     kernel32:KERNEL32.dll
 0004:00000308       __imp__GetLocaleInfoA@16   1005f308     kernel32:KERNEL32.dll
 0004:0000030c       __imp__EnumSystemLocalesA@8 1005f30c     kernel32:KERNEL32.dll
 0004:00000310       __imp__IsValidLocale@8     1005f310     kernel32:KERNEL32.dll
 0004:00000314       \177KERNEL32_NULL_THUNK_DATA 1005f314     kernel32:KERNEL32.dll

 entry point at        0001:00012d2c

